Archive member included to satisfy reference by file (symbol)

G:/STM32CubeIDE1.19/STM32CubeIDE_1.19.0/STM32CubeIDE/plugins/com.st.stm32cube.ide.mcu.externaltools.gnu-tools-for-stm32.13.3.rel1.win32_1.0.0.202411081344/tools/bin/../lib/gcc/arm-none-eabi/13.3.1/../../../../arm-none-eabi/lib/thumb/v7-m/nofp\libc_nano.a(libc_a-exit.o)
                              G:/STM32CubeIDE1.19/STM32CubeIDE_1.19.0/STM32CubeIDE/plugins/com.st.stm32cube.ide.mcu.externaltools.gnu-tools-for-stm32.13.3.rel1.win32_1.0.0.202411081344/tools/bin/../lib/gcc/arm-none-eabi/13.3.1/../../../../arm-none-eabi/lib/thumb/v7-m/nofp/crt0.o (exit)
G:/STM32CubeIDE1.19/STM32CubeIDE_1.19.0/STM32CubeIDE/plugins/com.st.stm32cube.ide.mcu.externaltools.gnu-tools-for-stm32.13.3.rel1.win32_1.0.0.202411081344/tools/bin/../lib/gcc/arm-none-eabi/13.3.1/../../../../arm-none-eabi/lib/thumb/v7-m/nofp\libc_nano.a(libc_a-findfp.o)
                              G:/STM32CubeIDE1.19/STM32CubeIDE_1.19.0/STM32CubeIDE/plugins/com.st.stm32cube.ide.mcu.externaltools.gnu-tools-for-stm32.13.3.rel1.win32_1.0.0.202411081344/tools/bin/../lib/gcc/arm-none-eabi/13.3.1/../../../../arm-none-eabi/lib/thumb/v7-m/nofp\libc_nano.a(libc_a-exit.o) (__stdio_exit_handler)
G:/STM32CubeIDE1.19/STM32CubeIDE_1.19.0/STM32CubeIDE/plugins/com.st.stm32cube.ide.mcu.externaltools.gnu-tools-for-stm32.13.3.rel1.win32_1.0.0.202411081344/tools/bin/../lib/gcc/arm-none-eabi/13.3.1/../../../../arm-none-eabi/lib/thumb/v7-m/nofp\libc_nano.a(libc_a-fwalk.o)
                              G:/STM32CubeIDE1.19/STM32CubeIDE_1.19.0/STM32CubeIDE/plugins/com.st.stm32cube.ide.mcu.externaltools.gnu-tools-for-stm32.13.3.rel1.win32_1.0.0.202411081344/tools/bin/../lib/gcc/arm-none-eabi/13.3.1/../../../../arm-none-eabi/lib/thumb/v7-m/nofp\libc_nano.a(libc_a-findfp.o) (_fwalk_sglue)
G:/STM32CubeIDE1.19/STM32CubeIDE_1.19.0/STM32CubeIDE/plugins/com.st.stm32cube.ide.mcu.externaltools.gnu-tools-for-stm32.13.3.rel1.win32_1.0.0.202411081344/tools/bin/../lib/gcc/arm-none-eabi/13.3.1/../../../../arm-none-eabi/lib/thumb/v7-m/nofp\libc_nano.a(libc_a-printf.o)
                              ./Core/Src/main.o (printf)
G:/STM32CubeIDE1.19/STM32CubeIDE_1.19.0/STM32CubeIDE/plugins/com.st.stm32cube.ide.mcu.externaltools.gnu-tools-for-stm32.13.3.rel1.win32_1.0.0.202411081344/tools/bin/../lib/gcc/arm-none-eabi/13.3.1/../../../../arm-none-eabi/lib/thumb/v7-m/nofp\libc_nano.a(libc_a-stdio.o)
                              G:/STM32CubeIDE1.19/STM32CubeIDE_1.19.0/STM32CubeIDE/plugins/com.st.stm32cube.ide.mcu.externaltools.gnu-tools-for-stm32.13.3.rel1.win32_1.0.0.202411081344/tools/bin/../lib/gcc/arm-none-eabi/13.3.1/../../../../arm-none-eabi/lib/thumb/v7-m/nofp\libc_nano.a(libc_a-findfp.o) (__sread)
G:/STM32CubeIDE1.19/STM32CubeIDE_1.19.0/STM32CubeIDE/plugins/com.st.stm32cube.ide.mcu.externaltools.gnu-tools-for-stm32.13.3.rel1.win32_1.0.0.202411081344/tools/bin/../lib/gcc/arm-none-eabi/13.3.1/../../../../arm-none-eabi/lib/thumb/v7-m/nofp\libc_nano.a(libc_a-memset.o)
                              G:/STM32CubeIDE1.19/STM32CubeIDE_1.19.0/STM32CubeIDE/plugins/com.st.stm32cube.ide.mcu.externaltools.gnu-tools-for-stm32.13.3.rel1.win32_1.0.0.202411081344/tools/bin/../lib/gcc/arm-none-eabi/13.3.1/../../../../arm-none-eabi/lib/thumb/v7-m/nofp/crt0.o (memset)
G:/STM32CubeIDE1.19/STM32CubeIDE_1.19.0/STM32CubeIDE/plugins/com.st.stm32cube.ide.mcu.externaltools.gnu-tools-for-stm32.13.3.rel1.win32_1.0.0.202411081344/tools/bin/../lib/gcc/arm-none-eabi/13.3.1/../../../../arm-none-eabi/lib/thumb/v7-m/nofp\libc_nano.a(libc_a-closer.o)
                              G:/STM32CubeIDE1.19/STM32CubeIDE_1.19.0/STM32CubeIDE/plugins/com.st.stm32cube.ide.mcu.externaltools.gnu-tools-for-stm32.13.3.rel1.win32_1.0.0.202411081344/tools/bin/../lib/gcc/arm-none-eabi/13.3.1/../../../../arm-none-eabi/lib/thumb/v7-m/nofp\libc_nano.a(libc_a-stdio.o) (_close_r)
G:/STM32CubeIDE1.19/STM32CubeIDE_1.19.0/STM32CubeIDE/plugins/com.st.stm32cube.ide.mcu.externaltools.gnu-tools-for-stm32.13.3.rel1.win32_1.0.0.202411081344/tools/bin/../lib/gcc/arm-none-eabi/13.3.1/../../../../arm-none-eabi/lib/thumb/v7-m/nofp\libc_nano.a(libc_a-reent.o)
                              G:/STM32CubeIDE1.19/STM32CubeIDE_1.19.0/STM32CubeIDE/plugins/com.st.stm32cube.ide.mcu.externaltools.gnu-tools-for-stm32.13.3.rel1.win32_1.0.0.202411081344/tools/bin/../lib/gcc/arm-none-eabi/13.3.1/../../../../arm-none-eabi/lib/thumb/v7-m/nofp\libc_nano.a(libc_a-closer.o) (errno)
G:/STM32CubeIDE1.19/STM32CubeIDE_1.19.0/STM32CubeIDE/plugins/com.st.stm32cube.ide.mcu.externaltools.gnu-tools-for-stm32.13.3.rel1.win32_1.0.0.202411081344/tools/bin/../lib/gcc/arm-none-eabi/13.3.1/../../../../arm-none-eabi/lib/thumb/v7-m/nofp\libc_nano.a(libc_a-impure.o)
[...]
Memory Configuration

Name             Origin             Length             Attributes
RAM              0x20000000         0x0000c000         xrw
FLASH            0x08000000         0x00040000         xr
*default*        0x00000000         0xffffffff

Linker script and memory map

LOAD G:/STM32CubeIDE1.19/STM32CubeIDE_1.19.0/STM32CubeIDE/plugins/com.st.stm32cube.ide.mcu.externaltools.gnu-tools-for-stm32.13.3.rel1.win32_1.0.0.202411081344/tools/bin/../lib/gcc/arm-none-eabi/13.3.1/thumb/v7-m/nofp/crti.o
LOAD G:/STM32CubeIDE1.19/STM32CubeIDE_1.19.0/STM32CubeIDE/plugins/com.st.stm32cube.ide.mcu.externaltools.gnu-tools-for-stm32.13.3.rel1.win32_1.0.0.202411081344/tools/bin/../lib/gcc/arm-none-eabi/13.3.1/thumb/v7-m/nofp/crtbegin.o
LOAD G:/STM32CubeIDE1.19/STM32CubeIDE_1.19.0/STM32CubeIDE/plugins/com.st.stm32cube.ide.mcu.externaltools.gnu-tools-for-stm32.13.3.rel1.win32_1.0.0.202411081344/tools/bin/../lib/gcc/arm-none-eabi/13.3.1/../../../../arm-none-eabi/lib/thumb/v7-m/nofp/crt0.o
LOAD ./Core/Src/adc.o
LOAD ./Core/Src/dma.o
LOAD ./Core/Src/gpio.o
LOAD ./Core/Src/main.o
LOAD ./Core/Src/stm32f1xx_hal_msp.o
LOAD ./Core/Src/stm32f1xx_it.o
LOAD ./Core/Src/syscalls.o
LOAD ./Core/Src/sysmem.o
LOAD ./Core/Src/system_stm32f1xx.o
LOAD ./Core/Src/usart.o
LOAD ./Core/Startup/startup_stm32f103zctx.o
LOAD ./Drivers/BSP/mq4/mq4.o
LOAD ./Drivers/STM32F1xx_HAL_Driver/Src/stm32f1xx_hal.o
LOAD ./Drivers/STM32F1xx_HAL_Driver/Src/stm32f1xx_hal_adc.o
LOAD ./Drivers/STM32F1xx_HAL_Driver/Src/stm32f1xx_hal_adc_ex.o
LOAD ./Drivers/STM32F1xx_HAL_Driver/Src/stm32f1xx_hal_cortex.o
LOAD ./Drivers/STM32F1xx_HAL_Driver/Src/stm32f1xx_hal_dma.o
LOAD ./Drivers/STM32F1xx_HAL_Driver/Src/stm32f1xx_hal_exti.o
LOAD ./Drivers/STM32F1xx_HAL_Driver/Src/stm32f1xx_hal_flash.o
LOAD ./Drivers/STM32F1xx_HAL_Driver/Src/stm32f1xx_hal_flash_ex.o
LOAD ./Drivers/STM32F1xx_HAL_Driver/Src/stm32f1xx_hal_gpio.o
LOAD ./Drivers/STM32F1xx_HAL_Driver/Src/stm32f1xx_hal_gpio_ex.o
LOAD ./Drivers/STM32F1xx_HAL_Driver/Src/stm32f1xx_hal_pwr.o
LOAD ./Drivers/STM32F1xx_HAL_Driver/Src/stm32f1xx_hal_rcc.o
LOAD ./Drivers/STM32F1xx_HAL_Driver/Src/stm32f1xx_hal_rcc_ex.o
LOAD ./Drivers/STM32F1xx_HAL_Driver/Src/stm32f1xx_hal_uart.o
LOAD ./Drivers/SYSTEM/delay/delay.o
LOAD ./Drivers/SYSTEM/sys/sys.o
START GROUP
LOAD G:/STM32CubeIDE1.19/STM32CubeIDE_1.19.0/STM32CubeIDE/plugins/com.st.stm32cube.ide.mcu.externaltools.gnu-tools-for-stm32.13.3.rel1.win32_1.0.0.202411081344/tools/bin/../lib/gcc/arm-none-eabi/13.3.1/../../../../arm-none-eabi/lib/thumb/v7-m/nofp\libc_nano.a
LOAD G:/STM32CubeIDE1.19/STM32CubeIDE_1.19.0/STM32CubeIDE/plugins/com.st.stm32cube.ide.mcu.externaltools.gnu-tools-for-stm32.13.3.rel1.win32_1.0.0.202411081344/tools/bin/../lib/gcc/arm-none-eabi/13.3.1/../../../../arm-none-eabi/lib/thumb/v7-m/nofp\libm.a
END GROUP
START GROUP
LOAD G:/STM32CubeIDE1.19/STM32CubeIDE_1.19.0/STM32CubeIDE/plugins/com.st.stm32cube.ide.mcu.externaltools.gnu-tools-for-stm32.13.3.rel1.win32_1.0.0.202411081344/tools/bin/../lib/gcc/arm-none-eabi/13.3.1/thumb/v7-m/nofp\libgcc.a
LOAD G:/STM32CubeIDE1.19/STM32CubeIDE_1.19.0/STM32CubeIDE/plugins/com.st.stm32cube.ide.mcu.externaltools.gnu-tools-for-stm32.13.3.rel1.win32_1.0.0.202411081344/tools/bin/../lib/gcc/arm-none-eabi/13.3.1/../../../../arm-none-eabi/lib/thumb/v7-m/nofp\libc_nano.a
END GROUP
START GROUP
LOAD G:/STM32CubeIDE1.19/STM32CubeIDE_1.19.0/STM32CubeIDE/plugins/com.st.stm32cube.ide.mcu.externaltools.gnu-tools-for-stm32.13.3.rel1.win32_1.0.0.202411081344/tools/bin/../lib/gcc/arm-none-eabi/13.3.1/thumb/v7-m/nofp\libgcc.a
LOAD G:/STM32CubeIDE1.19/STM32CubeIDE_1.19.0/STM32CubeIDE/plugins/com.st.stm32cube.ide.mcu.externaltools.gnu-tools-for-stm32.13.3.rel1.win32_1.0.0.202411081344/tools/bin/../lib/gcc/arm-none-eabi/13.3.1/../../../../arm-none-eabi/lib/thumb/v7-m/nofp\libc_nano.a
LOAD G:/STM32CubeIDE1.19/STM32CubeIDE_1.19.0/STM32CubeIDE/plugins/com.st.stm32cube.ide.mcu.externaltools.gnu-tools-for-stm32.13.3.rel1.win32_1.0.0.202411081344/tools/bin/../lib/gcc/arm-none-eabi/13.3.1/../../../../arm-none-eabi/lib/thumb/v7-m/nofp\libnosys.a
END GROUP
START GROUP
LOAD G:/STM32CubeIDE1.19/STM32CubeIDE_1.19.0/STM32CubeIDE/plugins/com.st.stm32cube.ide.mcu.externaltools.gnu-tools-for-stm32.13.3.rel1.win32_1.0.0.202411081344/tools/bin/../lib/gcc/arm-none-eabi/13.3.1/thumb/v7-m/nofp\libgcc.a
LOAD G:/STM32CubeIDE1.19/STM32CubeIDE_1.19.0/STM32CubeIDE/plugins/com.st.stm32cube.ide.mcu.externaltools.gnu-tools-for-stm32.13.3.rel1.win32_1.0.0.202411081344/tools/bin/../lib/gcc/arm-none-eabi/13.3.1/../../../../arm-none-eabi/lib/thumb/v7-m/nofp\libc_nano.a
LOAD G:/STM32CubeIDE1.19/STM32CubeIDE_1.19.0/STM32CubeIDE/plugins/com.st.stm32cube.ide.mcu.externaltools.gnu-tools-for-stm32.13.3.rel1.win32_1.0.0.202411081344/tools/bin/../lib/gcc/arm-none-eabi/13.3.1/../../../../arm-none-eabi/lib/thumb/v7-m/nofp\libnosys.a
END GROUP
LOAD G:/STM32CubeIDE1.19/STM32CubeIDE_1.19.0/STM32CubeIDE/plugins/com.st.stm32cube.ide.mcu.externaltools.gnu-tools-for-stm32.13.3.rel1.win32_1.0.0.202411081344/tools/bin/../lib/gcc/arm-none-eabi/13.3.1/thumb/v7-m/nofp/crtend.o
LOAD G:/STM32CubeIDE1.19/STM32CubeIDE_1.19.0/STM32CubeIDE/plugins/com.st.stm32cube.ide.mcu.externaltools.gnu-tools-for-stm32.13.3.rel1.win32_1.0.0.202411081344/tools/bin/../lib/gcc/arm-none-eabi/13.3.1/thumb/v7-m/nofp/crtn.o
                0x2000c000                        _estack = (ORIGIN (RAM) + LENGTH (RAM))
                0x00000200                        _Min_Heap_Size = 0x200
                0x00000400                        _Min_Stack_Size = 0x400

.isr_vector     0x08000000      0x1e4
                0x08000000                        . = ALIGN (0x4)
 *(.isr_vector)
 .isr_vector    0x08000000      0x1e4 ./Core/Startup/startup_stm32f103zctx.o
                0x08000000                g_pfnVectors
                0x080001e4                        . = ALIGN (0x4)

.text           0x080001e8     0x47e8
                0x080001e8                        . = ALIGN (0x4)
 *(.text)
 .text          0x080001e8       0x40 G:/STM32CubeIDE1.19/STM32CubeIDE_1.19.0/STM32CubeIDE/plugins/com.st.stm32cube.ide.mcu.externaltools.gnu-tools-for-stm32.13.3.rel1.win32_1.0.0.202411081344/tools/bin/../lib/gcc/arm-none-eabi/13.3.1/thumb/v7-m/nofp/crtbegin.o
 .text          0x08000228      0x254 G:/STM32CubeIDE1.19/STM32CubeIDE_1.19.0/STM32CubeIDE/plugins/com.st.stm32cube.ide.mcu.externaltools.gnu-tools-for-stm32.13.3.rel1.win32_1.0.0.202411081344/tools/bin/../lib/gcc/arm-none-eabi/13.3.1/thumb/v7-m/nofp\libgcc.a(_arm_muldf3.o)
                0x08000228                __muldf3
                0x08000228                __aeabi_dmul
 .text          0x0800047c      0x378 G:/STM32CubeIDE1.19/STM32CubeIDE_1.19.0/STM32CubeIDE/plugins/com.st.stm32cube.ide.mcu.externaltools.gnu-tools-for-stm32.13.3.rel1.win32_1.0.0.202411081344/tools/bin/../lib/gcc/arm-none-eabi/13.3.1/thumb/v7-m/nofp\libgcc.a(_arm_addsubdf3.o)
                0x0800047c                __aeabi_drsub
                0x08000484                __aeabi_dsub
                0x08000484                __subdf3
                0x08000488                __aeabi_dadd
                0x08000488                __adddf3
                0x08000700                __floatunsidf
                0x08000700                __aeabi_ui2d
                0x08000720                __floatsidf
                0x08000720                __aeabi_i2d
                0x08000744                __aeabi_f2d
                0x08000744                __extendsfdf2
                0x08000788                __floatundidf
                0x08000788                __aeabi_ul2d
                0x08000798                __floatdidf
                0x08000798                __aeabi_l2d
 .text          0x080007f4       0xa0 G:/STM32CubeIDE1.19/STM32CubeIDE_1.19.0/STM32CubeIDE/plugins/com.st.stm32cube.ide.mcu.externaltools.gnu-tools-for-stm32.13.3.rel1.win32_1.0.0.202411081344/tools/bin/../lib/gcc/arm-none-eabi/13.3.1/thumb/v7-m/nofp\libgcc.a(_arm_truncdfsf2.o)
                0x080007f4                __truncdfsf2
                0x080007f4                __aeabi_d2f
 .text          0x08000894      0x21c G:/STM32CubeIDE1.19/STM32CubeIDE_1.19.0/STM32CubeIDE/plugins/com.st.stm32cube.ide.mcu.externaltools.gnu-tools-for-stm32.13.3.rel1.win32_1.0.0.202411081344/tools/bin/../lib/gcc/arm-none-eabi/13.3.1/thumb/v7-m/nofp\libgcc.a(_arm_addsubsf3.o)
                0x08000894                __aeabi_frsub
                0x0800089c                __subsf3
                0x0800089c                __aeabi_fsub
                0x080008a0                __aeabi_fadd
                0x080008a0                __addsf3
                0x08000a00                __aeabi_ui2f
                0x08000a00                __floatunsisf
                0x08000a08                __aeabi_i2f
                0x08000a08                __floatsisf
                0x08000a24                __aeabi_ul2f
                0x08000a24                __floatundisf
                0x08000a34                __aeabi_l2f
                0x08000a34                __floatdisf
 .text          0x08000ab0      0x2a0 G:/STM32CubeIDE1.19/STM32CubeIDE_1.19.0/STM32CubeIDE/plugins/com.st.stm32cube.ide.mcu.externaltools.gnu-tools-for-stm32.13.3.rel1.win32_1.0.0.202411081344/tools/bin/../lib/gcc/arm-none-eabi/13.3.1/thumb/v7-m/nofp\libgcc.a(_arm_muldivsf3.o)
                0x08000ab0                __mulsf3
                0x08000ab0                __aeabi_fmul
                0x08000c18                __aeabi_fdiv
                0x08000c18                __divsf3
 .text          0x08000d50       0x40 G:/STM32CubeIDE1.19/STM32CubeIDE_1.19.0/STM32CubeIDE/plugins/com.st.stm32cube.ide.mcu.externaltools.gnu-tools-for-stm32.13.3.rel1.win32_1.0.0.202411081344/tools/bin/../lib/gcc/arm-none-eabi/13.3.1/thumb/v7-m/nofp\libgcc.a(_arm_fixunssfsi.o)
                0x08000d50                __fixunssfsi
                0x08000d50                __aeabi_f2uiz
 *(.text*)
 .text.MX_ADC1_Init
                0x08000d90       0xf0 ./Core/Src/adc.o
                0x08000d90                MX_ADC1_Init
 .text.HAL_ADC_MspInit
                0x08000e80       0xdc ./Core/Src/adc.o
                0x08000e80                HAL_ADC_MspInit
 .text.adc_dma_enable
                0x08000f5c       0x6c ./Core/Src/adc.o
                0x08000f5c                adc_dma_enable
 .text.MX_DMA_Init
                0x08000fc8       0x3c ./Core/Src/dma.o
                0x08000fc8                MX_DMA_Init
 .text.MX_GPIO_Init
                0x08001004       0x44 ./Core/Src/gpio.o
                0x08001004                MX_GPIO_Init
 .text.main     0x08001048      0x130 ./Core/Src/main.o
                0x08001048                main
 .text.SystemClock_Config
                0x08001178       0xba ./Core/Src/main.o
                0x08001178                SystemClock_Config
 .text.Error_Handler
                0x08001232        0xc ./Core/Src/main.o
                0x08001232                Error_Handler
 *fill*         0x0800123e        0x2 
 .text.HAL_MspInit
                0x08001240       0x64 ./Core/Src/stm32f1xx_hal_msp.o
                0x08001240                HAL_MspInit
 .text.NMI_Handler
                0x080012a4        0x8 ./Core/Src/stm32f1xx_it.o
                0x080012a4                NMI_Handler
 .text.HardFault_Handler
                0x080012ac        0x8 ./Core/Src/stm32f1xx_it.o
                0x080012ac                HardFault_Handler
 .text.MemManage_Handler
                0x080012b4        0x8 ./Core/Src/stm32f1xx_it.o
                0x080012b4                MemManage_Handler
 .text.BusFault_Handler
                0x080012bc        0x8 ./Core/Src/stm32f1xx_it.o
                0x080012bc                BusFault_Handler
 .text.UsageFault_Handler
                0x080012c4        0x8 ./Core/Src/stm32f1xx_it.o
                0x080012c4                UsageFault_Handler
 .text.SVC_Handler
                0x080012cc        0xc ./Core/Src/stm32f1xx_it.o
                0x080012cc                SVC_Handler
 .text.DebugMon_Handler
                0x080012d8        0xc ./Core/Src/stm32f1xx_it.o
                0x080012d8                DebugMon_Handler
 .text.PendSV_Handler
                0x080012e4        0xc ./Core/Src/stm32f1xx_it.o
                0x080012e4                PendSV_Handler
 .text.SysTick_Handler
                0x080012f0        0xc ./Core/Src/stm32f1xx_it.o
                0x080012f0                SysTick_Handler
 .text.DMA1_Channel1_IRQHandler
                0x080012fc       0x38 ./Core/Src/stm32f1xx_it.o
                0x080012fc                DMA1_Channel1_IRQHandler
 .text._read    0x08001334       0x3a ./Core/Src/syscalls.o
                0x08001334                _read
 .text._close   0x0800136e       0x16 ./Core/Src/syscalls.o
                0x0800136e                _close
 .text._fstat   0x08001384       0x1e ./Core/Src/syscalls.o
                0x08001384                _fstat
 .text._isatty  0x080013a2       0x14 ./Core/Src/syscalls.o
                0x080013a2                _isatty
 .text._lseek   0x080013b6       0x18 ./Core/Src/syscalls.o
                0x080013b6                _lseek
 *fill*         0x080013ce        0x2 
 .text._sbrk    0x080013d0       0x6c ./Core/Src/sysmem.o
                0x080013d0                _sbrk
 .text.SystemInit
                0x0800143c        0xc ./Core/Src/system_stm32f1xx.o
                0x0800143c                SystemInit
 .text.MX_USART1_UART_Init
                0x08001448       0x54 ./Core/Src/usart.o
                0x08001448                MX_USART1_UART_Init
 .text.HAL_UART_MspInit
                0x0800149c       0x98 ./Core/Src/usart.o
                0x0800149c                HAL_UART_MspInit
 .text.__io_putchar
                0x08001534       0x24 ./Core/Src/usart.o
                0x08001534                __io_putchar
 .text._write   0x08001558       0x38 ./Core/Src/usart.o
                0x08001558                _write
 .text.Reset_Handler
                0x08001590       0x48 ./Core/Startup/startup_stm32f103zctx.o
                0x08001590                Reset_Handler
 .text.Default_Handler
                0x080015d8        0x2 ./Core/Startup/startup_stm32f103zctx.o
                0x080015d8                RTC_Alarm_IRQHandler
                0x080015d8                EXTI2_IRQHandler
                0x080015d8                TIM8_TRG_COM_IRQHandler
                0x080015d8                TIM8_CC_IRQHandler
                0x080015d8                TIM1_CC_IRQHandler
                0x080015d8                TIM6_IRQHandler
                0x080015d8                PVD_IRQHandler
                0x080015d8                SDIO_IRQHandler
                0x080015d8                EXTI3_IRQHandler
                0x080015d8                EXTI0_IRQHandler
                0x080015d8                I2C2_EV_IRQHandler
                0x080015d8                ADC1_2_IRQHandler
                0x080015d8                SPI1_IRQHandler
                0x080015d8                TAMPER_IRQHandler
                0x080015d8                TIM8_UP_IRQHandler
                0x080015d8                DMA2_Channel2_IRQHandler
                0x080015d8                DMA1_Channel4_IRQHandler
                0x080015d8                USART3_IRQHandler
                0x080015d8                RTC_IRQHandler
                0x080015d8                DMA1_Channel7_IRQHandler
                0x080015d8                CAN1_RX1_IRQHandler
                0x080015d8                UART5_IRQHandler
                0x080015d8                ADC3_IRQHandler
                0x080015d8                TIM4_IRQHandler
                0x080015d8                DMA2_Channel1_IRQHandler
                0x080015d8                I2C1_EV_IRQHandler
                0x080015d8                DMA1_Channel6_IRQHandler
                0x080015d8                UART4_IRQHandler
                0x080015d8                TIM3_IRQHandler
                0x080015d8                RCC_IRQHandler
                0x080015d8                TIM1_TRG_COM_IRQHandler
                0x080015d8                Default_Handler
                0x080015d8                EXTI15_10_IRQHandler
                0x080015d8                TIM7_IRQHandler
                0x080015d8                TIM5_IRQHandler
                0x080015d8                EXTI9_5_IRQHandler
                0x080015d8                SPI2_IRQHandler
                0x080015d8                DMA1_Channel5_IRQHandler
                0x080015d8                EXTI4_IRQHandler
                0x080015d8                USB_LP_CAN1_RX0_IRQHandler
                0x080015d8                USB_HP_CAN1_TX_IRQHandler
                0x080015d8                DMA1_Channel3_IRQHandler
                0x080015d8                FSMC_IRQHandler
                0x080015d8                TIM1_UP_IRQHandler
                0x080015d8                WWDG_IRQHandler
                0x080015d8                TIM2_IRQHandler
                0x080015d8                TIM1_BRK_IRQHandler
                0x080015d8                EXTI1_IRQHandler
                0x080015d8                DMA2_Channel4_5_IRQHandler
                0x080015d8                USART2_IRQHandler
                0x080015d8                I2C2_ER_IRQHandler
                0x080015d8                DMA1_Channel2_IRQHandler
                0x080015d8                TIM8_BRK_IRQHandler
                0x080015d8                CAN1_SCE_IRQHandler
                0x080015d8                FLASH_IRQHandler
                0x080015d8                USART1_IRQHandler
                0x080015d8                SPI3_IRQHandler
                0x080015d8                I2C1_ER_IRQHandler
                0x080015d8                USBWakeUp_IRQHandler
                0x080015d8                DMA2_Channel3_IRQHandler
 *fill*         0x080015da        0x2 
 .text.HAL_Init
                0x080015dc       0x2c ./Drivers/STM32F1xx_HAL_Driver/Src/stm32f1xx_hal.o
                0x080015dc                HAL_Init
 .text.HAL_InitTick
                0x08001608       0x60 ./Drivers/STM32F1xx_HAL_Driver/Src/stm32f1xx_hal.o
                0x08001608                HAL_InitTick
 .text.HAL_IncTick
                0x08001668       0x24 ./Drivers/STM32F1xx_HAL_Driver/Src/stm32f1xx_hal.o
                0x08001668                HAL_IncTick
 .text.HAL_GetTick
                0x0800168c       0x14 ./Drivers/STM32F1xx_HAL_Driver/Src/stm32f1xx_hal.o
                0x0800168c                HAL_GetTick
 .text.HAL_Delay
                0x080016a0       0x48 ./Drivers/STM32F1xx_HAL_Driver/Src/stm32f1xx_hal.o
                0x080016a0                HAL_Delay
 .text.HAL_ADC_Init
                0x080016e8      0x1d4 ./Drivers/STM32F1xx_HAL_Driver/Src/stm32f1xx_hal_adc.o
                0x080016e8                HAL_ADC_Init
 .text.HAL_ADC_Start_DMA
                0x080018bc      0x1bc ./Drivers/STM32F1xx_HAL_Driver/Src/stm32f1xx_hal_adc.o
                0x080018bc                HAL_ADC_Start_DMA
 .text.HAL_ADC_ConvCpltCallback
                0x08001a78       0x12 ./Drivers/STM32F1xx_HAL_Driver/Src/stm32f1xx_hal_adc.o
                0x08001a78                HAL_ADC_ConvCpltCallback
 .text.HAL_ADC_ConvHalfCpltCallback
                0x08001a8a       0x12 ./Drivers/STM32F1xx_HAL_Driver/Src/stm32f1xx_hal_adc.o
                0x08001a8a                HAL_ADC_ConvHalfCpltCallback
 .text.HAL_ADC_ErrorCallback
                0x08001a9c       0x12 ./Drivers/STM32F1xx_HAL_Driver/Src/stm32f1xx_hal_adc.o
                0x08001a9c                HAL_ADC_ErrorCallback
 *fill*         0x08001aae        0x2 
 .text.HAL_ADC_ConfigChannel
                0x08001ab0      0x1f0 ./Drivers/STM32F1xx_HAL_Driver/Src/stm32f1xx_hal_adc.o
                0x08001ab0                HAL_ADC_ConfigChannel
 .text.ADC_Enable
                0x08001ca0       0xb4 ./Drivers/STM32F1xx_HAL_Driver/Src/stm32f1xx_hal_adc.o
                0x08001ca0                ADC_Enable
 .text.ADC_ConversionStop_Disable
                0x08001d54       0x82 ./Drivers/STM32F1xx_HAL_Driver/Src/stm32f1xx_hal_adc.o
                0x08001d54                ADC_ConversionStop_Disable
 .text.ADC_DMAConvCplt
                0x08001dd6       0x7c ./Drivers/STM32F1xx_HAL_Driver/Src/stm32f1xx_hal_adc.o
                0x08001dd6                ADC_DMAConvCplt
 .text.ADC_DMAHalfConvCplt
                0x08001e52       0x1c ./Drivers/STM32F1xx_HAL_Driver/Src/stm32f1xx_hal_adc.o
                0x08001e52                ADC_DMAHalfConvCplt
 .text.ADC_DMAError
                0x08001e6e       0x34 ./Drivers/STM32F1xx_HAL_Driver/Src/stm32f1xx_hal_adc.o
                0x08001e6e                ADC_DMAError
 *fill*         0x08001ea2        0x2 
 .text.HAL_ADCEx_Calibration_Start
                0x08001ea4      0x15c ./Drivers/STM32F1xx_HAL_Driver/Src/stm32f1xx_hal_adc_ex.o
                0x08001ea4                HAL_ADCEx_Calibration_Start
 .text.__NVIC_SetPriorityGrouping
                0x08002000       0x48 ./Drivers/STM32F1xx_HAL_Driver/Src/stm32f1xx_hal_cortex.o
 .text.__NVIC_GetPriorityGrouping
                0x08002048       0x1c ./Drivers/STM32F1xx_HAL_Driver/Src/stm32f1xx_hal_cortex.o
 .text.__NVIC_EnableIRQ
                0x08002064       0x38 ./Drivers/STM32F1xx_HAL_Driver/Src/stm32f1xx_hal_cortex.o
 .text.__NVIC_SetPriority
                0x0800209c       0x54 ./Drivers/STM32F1xx_HAL_Driver/Src/stm32f1xx_hal_cortex.o
 .text.NVIC_EncodePriority
                0x080020f0       0x64 ./Drivers/STM32F1xx_HAL_Driver/Src/stm32f1xx_hal_cortex.o
 .text.SysTick_Config
                0x08002154       0x44 ./Drivers/STM32F1xx_HAL_Driver/Src/stm32f1xx_hal_cortex.o
 .text.HAL_NVIC_SetPriorityGrouping
                0x08002198       0x16 ./Drivers/STM32F1xx_HAL_Driver/Src/stm32f1xx_hal_cortex.o
                0x08002198                HAL_NVIC_SetPriorityGrouping
 .text.HAL_NVIC_SetPriority
                0x080021ae       0x38 ./Drivers/STM32F1xx_HAL_Driver/Src/stm32f1xx_hal_cortex.o
                0x080021ae                HAL_NVIC_SetPriority
 .text.HAL_NVIC_EnableIRQ
                0x080021e6       0x1c ./Drivers/STM32F1xx_HAL_Driver/Src/stm32f1xx_hal_cortex.o
                0x080021e6                HAL_NVIC_EnableIRQ
 .text.HAL_SYSTICK_Config
                0x08002202       0x18 ./Drivers/STM32F1xx_HAL_Driver/Src/stm32f1xx_hal_cortex.o
                0x08002202                HAL_SYSTICK_Config
 *fill*         0x0800221a        0x2 
 .text.HAL_DMA_Init
                0x0800221c       0xec ./Drivers/STM32F1xx_HAL_Driver/Src/stm32f1xx_hal_dma.o
                0x0800221c                HAL_DMA_Init
 .text.HAL_DMA_Start_IT
                0x08002308       0xc0 ./Drivers/STM32F1xx_HAL_Driver/Src/stm32f1xx_hal_dma.o
                0x08002308                HAL_DMA_Start_IT
 .text.HAL_DMA_IRQHandler
                0x080023c8      0x478 ./Drivers/STM32F1xx_HAL_Driver/Src/stm32f1xx_hal_dma.o
                0x080023c8                HAL_DMA_IRQHandler
 .text.DMA_SetConfig
                0x08002840       0x5a ./Drivers/STM32F1xx_HAL_Driver/Src/stm32f1xx_hal_dma.o
 *fill*         0x0800289a        0x2 
 .text.HAL_GPIO_Init
                0x0800289c      0x328 ./Drivers/STM32F1xx_HAL_Driver/Src/stm32f1xx_hal_gpio.o
                0x0800289c                HAL_GPIO_Init
 .text.HAL_RCC_OscConfig
                0x08002bc4      0x504 ./Drivers/STM32F1xx_HAL_Driver/Src/stm32f1xx_hal_rcc.o
                0x08002bc4                HAL_RCC_OscConfig
 .text.HAL_RCC_ClockConfig
                0x080030c8      0x1d4 ./Drivers/STM32F1xx_HAL_Driver/Src/stm32f1xx_hal_rcc.o
                0x080030c8                HAL_RCC_ClockConfig
 .text.HAL_RCC_GetSysClockFreq
                0x0800329c       0xa8 ./Drivers/STM32F1xx_HAL_Driver/Src/stm32f1xx_hal_rcc.o
                0x0800329c                HAL_RCC_GetSysClockFreq
 .text.HAL_RCC_GetHCLKFreq
                0x08003344       0x14 ./Drivers/STM32F1xx_HAL_Driver/Src/stm32f1xx_hal_rcc.o
                0x08003344                HAL_RCC_GetHCLKFreq
 .text.HAL_RCC_GetPCLK1Freq
                0x08003358       0x28 ./Drivers/STM32F1xx_HAL_Driver/Src/stm32f1xx_hal_rcc.o
                0x08003358                HAL_RCC_GetPCLK1Freq
 .text.HAL_RCC_GetPCLK2Freq
                0x08003380       0x28 ./Drivers/STM32F1xx_HAL_Driver/Src/stm32f1xx_hal_rcc.o
                0x08003380                HAL_RCC_GetPCLK2Freq
 .text.RCC_Delay
                0x080033a8       0x3c ./Drivers/STM32F1xx_HAL_Driver/Src/stm32f1xx_hal_rcc.o
 .text.HAL_RCCEx_PeriphCLKConfig
                0x080033e4      0x16c ./Drivers/STM32F1xx_HAL_Driver/Src/stm32f1xx_hal_rcc_ex.o
                0x080033e4                HAL_RCCEx_PeriphCLKConfig
 .text.HAL_RCCEx_GetPeriphCLKFreq
                0x08003550      0x1b0 ./Drivers/STM32F1xx_HAL_Driver/Src/stm32f1xx_hal_rcc_ex.o
                0x08003550                HAL_RCCEx_GetPeriphCLKFreq
 .text.HAL_UART_Init
                0x08003700       0xa0 ./Drivers/STM32F1xx_HAL_Driver/Src/stm32f1xx_hal_uart.o
                0x08003700                HAL_UART_Init
 .text.HAL_UART_Transmit
                0x080037a0      0x116 ./Drivers/STM32F1xx_HAL_Driver/Src/stm32f1xx_hal_uart.o
                0x080037a0                HAL_UART_Transmit
 .text.UART_WaitOnFlagUntilTimeout
                0x080038b6       0xb2 ./Drivers/STM32F1xx_HAL_Driver/Src/stm32f1xx_hal_uart.o
 .text.UART_EndRxTransfer
                0x08003968       0xc4 ./Drivers/STM32F1xx_HAL_Driver/Src/stm32f1xx_hal_uart.o
 .text.UART_SetConfig
                0x08003a2c      0x11c ./Drivers/STM32F1xx_HAL_Driver/Src/stm32f1xx_hal_uart.o
 .text.std      0x08003b48       0x6c G:/STM32CubeIDE1.19/STM32CubeIDE_1.19.0/STM32CubeIDE/plugins/com.st.stm32cube.ide.mcu.externaltools.gnu-tools-for-stm32.13.3.rel1.win32_1.0.0.202411081344/tools/bin/../lib/gcc/arm-none-eabi/13.3.1/../../../../arm-none-eabi/lib/thumb/v7-m/nofp\libc_nano.a(libc_a-findfp.o)
 .text.stdio_exit_handler
                0x08003bb4       0x18 G:/STM32CubeIDE1.19/STM32CubeIDE_1.19.0/STM32CubeIDE/plugins/com.st.stm32cube.ide.mcu.externaltools.gnu-tools-for-stm32.13.3.rel1.win32_1.0.0.202411081344/tools/bin/../lib/gcc/arm-none-eabi/13.3.1/../../../../arm-none-eabi/lib/thumb/v7-m/nofp\libc_nano.a(libc_a-findfp.o)
 .text.cleanup_stdio
                0x08003bcc       0x40 G:/STM32CubeIDE1.19/STM32CubeIDE_1.19.0/STM32CubeIDE/plugins/com.st.stm32cube.ide.mcu.externaltools.gnu-tools-for-stm32.13.3.rel1.win32_1.0.0.202411081344/tools/bin/../lib/gcc/arm-none-eabi/13.3.1/../../../../arm-none-eabi/lib/thumb/v7-m/nofp\libc_nano.a(libc_a-findfp.o)
 .text.global_stdio_init.part.0
                0x08003c0c       0x3c G:/STM32CubeIDE1.19/STM32CubeIDE_1.19.0/STM32CubeIDE/plugins/com.st.stm32cube.ide.mcu.externaltools.gnu-tools-for-stm32.13.3.rel1.win32_1.0.0.202411081344/tools/bin/../lib/gcc/arm-none-eabi/13.3.1/../../../../arm-none-eabi/lib/thumb/v7-m/nofp\libc_nano.a(libc_a-findfp.o)
 .text.__sfp_lock_acquire
                0x08003c48        0xc G:/STM32CubeIDE1.19/STM32CubeIDE_1.19.0/STM32CubeIDE/plugins/com.st.stm32cube.ide.mcu.externaltools.gnu-tools-for-stm32.13.3.rel1.win32_1.0.0.202411081344/tools/bin/../lib/gcc/arm-none-eabi/13.3.1/../../../../arm-none-eabi/lib/thumb/v7-m/nofp\libc_nano.a(libc_a-findfp.o)
                0x08003c48                __sfp_lock_acquire
 .text.__sfp_lock_release
                0x08003c54        0xc G:/STM32CubeIDE1.19/STM32CubeIDE_1.19.0/STM32CubeIDE/plugins/com.st.stm32cube.ide.mcu.externaltools.gnu-tools-for-stm32.13.3.rel1.win32_1.0.0.202411081344/tools/bin/../lib/gcc/arm-none-eabi/13.3.1/../../../../arm-none-eabi/lib/thumb/v7-m/nofp\libc_nano.a(libc_a-findfp.o)
                0x08003c54                __sfp_lock_release
 .text.__sinit  0x08003c60       0x30 G:/STM32CubeIDE1.19/STM32CubeIDE_1.19.0/STM32CubeIDE/plugins/com.st.stm32cube.ide.mcu.externaltools.gnu-tools-for-stm32.13.3.rel1.win32_1.0.0.202411081344/tools/bin/../lib/gcc/arm-none-eabi/13.3.1/../../../../arm-none-eabi/lib/thumb/v7-m/nofp\libc_nano.a(libc_a-findfp.o)
                0x08003c60                __sinit
 .text._fwalk_sglue
                0x08003c90       0x3c G:/STM32CubeIDE1.19/STM32CubeIDE_1.19.0/STM32CubeIDE/plugins/com.st.stm32cube.ide.mcu.externaltools.gnu-tools-for-stm32.13.3.rel1.win32_1.0.0.202411081344/tools/bin/../lib/gcc/arm-none-eabi/13.3.1/../../../../arm-none-eabi/lib/thumb/v7-m/nofp\libc_nano.a(libc_a-fwalk.o)
                0x08003c90                _fwalk_sglue
 .text.printf   0x08003ccc       0x24 G:/STM32CubeIDE1.19/STM32CubeIDE_1.19.0/STM32CubeIDE/plugins/com.st.stm32cube.ide.mcu.externaltools.gnu-tools-for-stm32.13.3.rel1.win32_1.0.0.202411081344/tools/bin/../lib/gcc/arm-none-eabi/13.3.1/../../../../arm-none-eabi/lib/thumb/v7-m/nofp\libc_nano.a(libc_a-printf.o)
                0x08003ccc                iprintf
                0x08003ccc                printf
 .text.__sread  0x08003cf0       0x22 G:/STM32CubeIDE1.19/STM32CubeIDE_1.19.0/STM32CubeIDE/plugins/com.st.stm32cube.ide.mcu.externaltools.gnu-tools-for-stm32.13.3.rel1.win32_1.0.0.202411081344/tools/bin/../lib/gcc/arm-none-eabi/13.3.1/../../../../arm-none-eabi/lib/thumb/v7-m/nofp\libc_nano.a(libc_a-stdio.o)
                0x08003cf0                __sread
 .text.__swrite
                0x08003d12       0x38 G:/STM32CubeIDE1.19/STM32CubeIDE_1.19.0/STM32CubeIDE/plugins/com.st.stm32cube.ide.mcu.externaltools.gnu-tools-for-stm32.13.3.rel1.win32_1.0.0.202411081344/tools/bin/../lib/gcc/arm-none-eabi/13.3.1/../../../../arm-none-eabi/lib/thumb/v7-m/nofp\libc_nano.a(libc_a-stdio.o)
                0x08003d12                __swrite
 .text.__sseek  0x08003d4a       0x24 G:/STM32CubeIDE1.19/STM32CubeIDE_1.19.0/STM32CubeIDE/plugins/com.st.stm32cube.ide.mcu.externaltools.gnu-tools-for-stm32.13.3.rel1.win32_1.0.0.202411081344/tools/bin/../lib/gcc/arm-none-eabi/13.3.1/../../../../arm-none-eabi/lib/thumb/v7-m/nofp\libc_nano.a(libc_a-stdio.o)
                0x08003d4a                __sseek
 .text.__sclose
                0x08003d6e        0x8 G:/STM32CubeIDE1.19/STM32CubeIDE_1.19.0/STM32CubeIDE/plugins/com.st.stm32cube.ide.mcu.externaltools.gnu-tools-for-stm32.13.3.rel1.win32_1.0.0.202411081344/tools/bin/../lib/gcc/arm-none-eabi/13.3.1/../../../../arm-none-eabi/lib/thumb/v7-m/nofp\libc_nano.a(libc_a-stdio.o)
                0x08003d6e                __sclose
 .text.memset   0x08003d76       0x10 G:/STM32CubeIDE1.19/STM32CubeIDE_1.19.0/STM32CubeIDE/plugins/com.st.stm32cube.ide.mcu.externaltools.gnu-tools-for-stm32.13.3.rel1.win32_1.0.0.202411081344/tools/bin/../lib/gcc/arm-none-eabi/13.3.1/../../../../arm-none-eabi/lib/thumb/v7-m/nofp\libc_nano.a(libc_a-memset.o)
                0x08003d76                memset
 *fill*         0x08003d86        0x2 
 .text._close_r
                0x08003d88       0x20 G:/STM32CubeIDE1.19/STM32CubeIDE_1.19.0/STM32CubeIDE/plugins/com.st.stm32cube.ide.mcu.externaltools.gnu-tools-for-stm32.13.3.rel1.win32_1.0.0.202411081344/tools/bin/../lib/gcc/arm-none-eabi/13.3.1/../../../../arm-none-eabi/lib/thumb/v7-m/nofp\libc_nano.a(libc_a-closer.o)
                0x08003d88                _close_r
 .text._lseek_r
                0x08003da8       0x24 G:/STM32CubeIDE1.19/STM32CubeIDE_1.19.0/STM32CubeIDE/plugins/com.st.stm32cube.ide.mcu.externaltools.gnu-tools-for-stm32.13.3.rel1.win32_1.0.0.202411081344/tools/bin/../lib/gcc/arm-none-eabi/13.3.1/../../../../arm-none-eabi/lib/thumb/v7-m/nofp\libc_nano.a(libc_a-lseekr.o)
                0x08003da8                _lseek_r
 .text._read_r  0x08003dcc       0x24 G:/STM32CubeIDE1.19/STM32CubeIDE_1.19.0/STM32CubeIDE/plugins/com.st.stm32cube.ide.mcu.externaltools.gnu-tools-for-stm32.13.3.rel1.win32_1.0.0.202411081344/tools/bin/../lib/gcc/arm-none-eabi/13.3.1/../../../../arm-none-eabi/lib/thumb/v7-m/nofp\libc_nano.a(libc_a-readr.o)
                0x08003dcc                _read_r
 .text._write_r
                0x08003df0       0x24 G:/STM32CubeIDE1.19/STM32CubeIDE_1.19.0/STM32CubeIDE/plugins/com.st.stm32cube.ide.mcu.externaltools.gnu-tools-for-stm32.13.3.rel1.win32_1.0.0.202411081344/tools/bin/../lib/gcc/arm-none-eabi/13.3.1/../../../../arm-none-eabi/lib/thumb/v7-m/nofp\libc_nano.a(libc_a-writer.o)
                0x08003df0                _write_r
 .text.__errno  0x08003e14        0xc G:/STM32CubeIDE1.19/STM32CubeIDE_1.19.0/STM32CubeIDE/plugins/com.st.stm32cube.ide.mcu.externaltools.gnu-tools-for-stm32.13.3.rel1.win32_1.0.0.202411081344/tools/bin/../lib/gcc/arm-none-eabi/13.3.1/../../../../arm-none-eabi/lib/thumb/v7-m/nofp\libc_nano.a(libc_a-errno.o)
                0x08003e14                __errno
 .text.__libc_init_array
                0x08003e20       0x48 G:/STM32CubeIDE1.19/STM32CubeIDE_1.19.0/STM32CubeIDE/plugins/com.st.stm32cube.ide.mcu.externaltools.gnu-tools-for-stm32.13.3.rel1.win32_1.0.0.202411081344/tools/bin/../lib/gcc/arm-none-eabi/13.3.1/../../../../arm-none-eabi/lib/thumb/v7-m/nofp\libc_nano.a(libc_a-init.o)
                0x08003e20                __libc_init_array
 .text.__retarget_lock_init_recursive
                0x08003e68        0x2 G:/STM32CubeIDE1.19/STM32CubeIDE_1.19.0/STM32CubeIDE/plugins/com.st.stm32cube.ide.mcu.externaltools.gnu-tools-for-stm32.13.3.rel1.win32_1.0.0.202411081344/tools/bin/../lib/gcc/arm-none-eabi/13.3.1/../../../../arm-none-eabi/lib/thumb/v7-m/nofp\libc_nano.a(libc_a-lock.o)
                0x08003e68                __retarget_lock_init_recursive
 .text.__retarget_lock_acquire_recursive
                0x08003e6a        0x2 G:/STM32CubeIDE1.19/STM32CubeIDE_1.19.0/STM32CubeIDE/plugins/com.st.stm32cube.ide.mcu.externaltools.gnu-tools-for-stm32.13.3.rel1.win32_1.0.0.202411081344/tools/bin/../lib/gcc/arm-none-eabi/13.3.1/../../../../arm-none-eabi/lib/thumb/v7-m/nofp\libc_nano.a(libc_a-lock.o)
                0x08003e6a                __retarget_lock_acquire_recursive
 .text.__retarget_lock_release_recursive
                0x08003e6c        0x2 G:/STM32CubeIDE1.19/STM32CubeIDE_1.19.0/STM32CubeIDE/plugins/com.st.stm32cube.ide.mcu.externaltools.gnu-tools-for-stm32.13.3.rel1.win32_1.0.0.202411081344/tools/bin/../lib/gcc/arm-none-eabi/13.3.1/../../../../arm-none-eabi/lib/thumb/v7-m/nofp\libc_nano.a(libc_a-lock.o)
                0x08003e6c                __retarget_lock_release_recursive
 *fill*         0x08003e6e        0x2 
 .text._free_r  0x08003e70       0x90 G:/STM32CubeIDE1.19/STM32CubeIDE_1.19.0/STM32CubeIDE/plugins/com.st.stm32cube.ide.mcu.externaltools.gnu-tools-for-stm32.13.3.rel1.win32_1.0.0.202411081344/tools/bin/../lib/gcc/arm-none-eabi/13.3.1/../../../../arm-none-eabi/lib/thumb/v7-m/nofp\libc_nano.a(libc_a-freer.o)
                0x08003e70                _free_r
 .text.sbrk_aligned
                0x08003f00       0x44 G:/STM32CubeIDE1.19/STM32CubeIDE_1.19.0/STM32CubeIDE/plugins/com.st.stm32cube.ide.mcu.externaltools.gnu-tools-for-stm32.13.3.rel1.win32_1.0.0.202411081344/tools/bin/../lib/gcc/arm-none-eabi/13.3.1/../../../../arm-none-eabi/lib/thumb/v7-m/nofp\libc_nano.a(libc_a-mallocr.o)
 .text._malloc_r
                0x08003f44      0x100 G:/STM32CubeIDE1.19/STM32CubeIDE_1.19.0/STM32CubeIDE/plugins/com.st.stm32cube.ide.mcu.externaltools.gnu-tools-for-stm32.13.3.rel1.win32_1.0.0.202411081344/tools/bin/../lib/gcc/arm-none-eabi/13.3.1/../../../../arm-none-eabi/lib/thumb/v7-m/nofp\libc_nano.a(libc_a-mallocr.o)
                0x08003f44                _malloc_r
 .text.__malloc_lock
                0x08004044        0xc G:/STM32CubeIDE1.19/STM32CubeIDE_1.19.0/STM32CubeIDE/plugins/com.st.stm32cube.ide.mcu.externaltools.gnu-tools-for-stm32.13.3.rel1.win32_1.0.0.202411081344/tools/bin/../lib/gcc/arm-none-eabi/13.3.1/../../../../arm-none-eabi/lib/thumb/v7-m/nofp\libc_nano.a(libc_a-mlock.o)
                0x08004044                __malloc_lock
 .text.__malloc_unlock
                0x08004050        0xc G:/STM32CubeIDE1.19/STM32CubeIDE_1.19.0/STM32CubeIDE/plugins/com.st.stm32cube.ide.mcu.externaltools.gnu-tools-for-stm32.13.3.rel1.win32_1.0.0.202411081344/tools/bin/../lib/gcc/arm-none-eabi/13.3.1/../../../../arm-none-eabi/lib/thumb/v7-m/nofp\libc_nano.a(libc_a-mlock.o)
                0x08004050                __malloc_unlock
 .text.__sfputc_r
                0x0800405c       0x2a G:/STM32CubeIDE1.19/STM32CubeIDE_1.19.0/STM32CubeIDE/plugins/com.st.stm32cube.ide.mcu.externaltools.gnu-tools-for-stm32.13.3.rel1.win32_1.0.0.202411081344/tools/bin/../lib/gcc/arm-none-eabi/13.3.1/../../../../arm-none-eabi/lib/thumb/v7-m/nofp\libc_nano.a(libc_a-nano-vfprintf.o)
 .text.__sfputs_r
                0x08004086       0x24 G:/STM32CubeIDE1.19/STM32CubeIDE_1.19.0/STM32CubeIDE/plugins/com.st.stm32cube.ide.mcu.externaltools.gnu-tools-for-stm32.13.3.rel1.win32_1.0.0.202411081344/tools/bin/../lib/gcc/arm-none-eabi/13.3.1/../../../../arm-none-eabi/lib/thumb/v7-m/nofp\libc_nano.a(libc_a-nano-vfprintf.o)
                0x08004086                __sfputs_r
 *fill*         0x080040aa        0x2 
 .text._vfprintf_r
                0x080040ac      0x230 G:/STM32CubeIDE1.19/STM32CubeIDE_1.19.0/STM32CubeIDE/plugins/com.st.stm32cube.ide.mcu.externaltools.gnu-tools-for-stm32.13.3.rel1.win32_1.0.0.202411081344/tools/bin/../lib/gcc/arm-none-eabi/13.3.1/../../../../arm-none-eabi/lib/thumb/v7-m/nofp\libc_nano.a(libc_a-nano-vfprintf.o)
                0x080040ac                _vfprintf_r
                0x080040ac                _vfiprintf_r
 .text._printf_common
                0x080042dc       0xe4 G:/STM32CubeIDE1.19/STM32CubeIDE_1.19.0/STM32CubeIDE/plugins/com.st.stm32cube.ide.mcu.externaltools.gnu-tools-for-stm32.13.3.rel1.win32_1.0.0.202411081344/tools/bin/../lib/gcc/arm-none-eabi/13.3.1/../../../../arm-none-eabi/lib/thumb/v7-m/nofp\libc_nano.a(libc_a-nano-vfprintf_i.o)
                0x080042dc                _printf_common
 .text._printf_i
                0x080043c0      0x23c G:/STM32CubeIDE1.19/STM32CubeIDE_1.19.0/STM32CubeIDE/plugins/com.st.stm32cube.ide.mcu.externaltools.gnu-tools-for-stm32.13.3.rel1.win32_1.0.0.202411081344/tools/bin/../lib/gcc/arm-none-eabi/13.3.1/../../../../arm-none-eabi/lib/thumb/v7-m/nofp\libc_nano.a(libc_a-nano-vfprintf_i.o)
                0x080043c0                _printf_i
 .text.__sflush_r
                0x080045fc      0x100 G:/STM32CubeIDE1.19/STM32CubeIDE_1.19.0/STM32CubeIDE/plugins/com.st.stm32cube.ide.mcu.externaltools.gnu-tools-for-stm32.13.3.rel1.win32_1.0.0.202411081344/tools/bin/../lib/gcc/arm-none-eabi/13.3.1/../../../../arm-none-eabi/lib/thumb/v7-m/nofp\libc_nano.a(libc_a-fflush.o)
                0x080045fc                __sflush_r
 .text._fflush_r
                0x080046fc       0x50 G:/STM32CubeIDE1.19/STM32CubeIDE_1.19.0/STM32CubeIDE/plugins/com.st.stm32cube.ide.mcu.externaltools.gnu-tools-for-stm32.13.3.rel1.win32_1.0.0.202411081344/tools/bin/../lib/gcc/arm-none-eabi/13.3.1/../../../../arm-none-eabi/lib/thumb/v7-m/nofp\libc_nano.a(libc_a-fflush.o)
                0x080046fc                _fflush_r
 .text.__swbuf_r
                0x0800474c       0x7c G:/STM32CubeIDE1.19/STM32CubeIDE_1.19.0/STM32CubeIDE/plugins/com.st.stm32cube.ide.mcu.externaltools.gnu-tools-for-stm32.13.3.rel1.win32_1.0.0.202411081344/tools/bin/../lib/gcc/arm-none-eabi/13.3.1/../../../../arm-none-eabi/lib/thumb/v7-m/nofp\libc_nano.a(libc_a-wbuf.o)
                0x0800474c                __swbuf_r
 .text.__swsetup_r
                0x080047c8       0xac G:/STM32CubeIDE1.19/STM32CubeIDE_1.19.0/STM32CubeIDE/plugins/com.st.stm32cube.ide.mcu.externaltools.gnu-tools-for-stm32.13.3.rel1.win32_1.0.0.202411081344/tools/bin/../lib/gcc/arm-none-eabi/13.3.1/../../../../arm-none-eabi/lib/thumb/v7-m/nofp\libc_nano.a(libc_a-wsetup.o)
                0x080047c8                __swsetup_r
 .text._sbrk_r  0x08004874       0x20 G:/STM32CubeIDE1.19/STM32CubeIDE_1.19.0/STM32CubeIDE/plugins/com.st.stm32cube.ide.mcu.externaltools.gnu-tools-for-stm32.13.3.rel1.win32_1.0.0.202411081344/tools/bin/../lib/gcc/arm-none-eabi/13.3.1/../../../../arm-none-eabi/lib/thumb/v7-m/nofp\libc_nano.a(libc_a-sbrkr.o)
                0x08004874                _sbrk_r
 .text.memchr   0x08004894       0x1c G:/STM32CubeIDE1.19/STM32CubeIDE_1.19.0/STM32CubeIDE/plugins/com.st.stm32cube.ide.mcu.externaltools.gnu-tools-for-stm32.13.3.rel1.win32_1.0.0.202411081344/tools/bin/../lib/gcc/arm-none-eabi/13.3.1/../../../../arm-none-eabi/lib/thumb/v7-m/nofp\libc_nano.a(libc_a-memchr-stub.o)
                0x08004894                memchr
 .text.__swhatbuf_r
                0x080048b0       0x4a G:/STM32CubeIDE1.19/STM32CubeIDE_1.19.0/STM32CubeIDE/plugins/com.st.stm32cube.ide.mcu.externaltools.gnu-tools-for-stm32.13.3.rel1.win32_1.0.0.202411081344/tools/bin/../lib/gcc/arm-none-eabi/13.3.1/../../../../arm-none-eabi/lib/thumb/v7-m/nofp\libc_nano.a(libc_a-makebuf.o)
                0x080048b0                __swhatbuf_r
 .text.__smakebuf_r
                0x080048fa       0x78 G:/STM32CubeIDE1.19/STM32CubeIDE_1.19.0/STM32CubeIDE/plugins/com.st.stm32cube.ide.mcu.externaltools.gnu-tools-for-stm32.13.3.rel1.win32_1.0.0.202411081344/tools/bin/../lib/gcc/arm-none-eabi/13.3.1/../../../../arm-none-eabi/lib/thumb/v7-m/nofp\libc_nano.a(libc_a-makebuf.o)
                0x080048fa                __smakebuf_r
 *fill*         0x08004972        0x2 
 .text._fstat_r
                0x08004974       0x24 G:/STM32CubeIDE1.19/STM32CubeIDE_1.19.0/STM32CubeIDE/plugins/com.st.stm32cube.ide.mcu.externaltools.gnu-tools-for-stm32.13.3.rel1.win32_1.0.0.202411081344/tools/bin/../lib/gcc/arm-none-eabi/13.3.1/../../../../arm-none-eabi/lib/thumb/v7-m/nofp\libc_nano.a(libc_a-fstatr.o)
                0x08004974                _fstat_r
 .text._isatty_r
                0x08004998       0x20 G:/STM32CubeIDE1.19/STM32CubeIDE_1.19.0/STM32CubeIDE/plugins/com.st.stm32cube.ide.mcu.externaltools.gnu-tools-for-stm32.13.3.rel1.win32_1.0.0.202411081344/tools/bin/../lib/gcc/arm-none-eabi/13.3.1/../../../../arm-none-eabi/lib/thumb/v7-m/nofp\libc_nano.a(libc_a-isattyr.o)
                0x08004998                _isatty_r
 *(.glue_7)
 .glue_7        0x080049b8        0x0 linker stubs
 *(.glue_7t)
 .glue_7t       0x080049b8        0x0 linker stubs
 *(.eh_frame)
 .eh_frame      0x080049b8        0x0 G:/STM32CubeIDE1.19/STM32CubeIDE_1.19.0/STM32CubeIDE/plugins/com.st.stm32cube.ide.mcu.externaltools.gnu-tools-for-stm32.13.3.rel1.win32_1.0.0.202411081344/tools/bin/../lib/gcc/arm-none-eabi/13.3.1/thumb/v7-m/nofp/crtbegin.o
 *(.init)
 .init          0x080049b8        0x4 G:/STM32CubeIDE1.19/STM32CubeIDE_1.19.0/STM32CubeIDE/plugins/com.st.stm32cube.ide.mcu.externaltools.gnu-tools-for-stm32.13.3.rel1.win32_1.0.0.202411081344/tools/bin/../lib/gcc/arm-none-eabi/13.3.1/thumb/v7-m/nofp/crti.o
                0x080049b8                _init
 .init          0x080049bc        0x8 G:/STM32CubeIDE1.19/STM32CubeIDE_1.19.0/STM32CubeIDE/plugins/com.st.stm32cube.ide.mcu.externaltools.gnu-tools-for-stm32.13.3.rel1.win32_1.0.0.202411081344/tools/bin/../lib/gcc/arm-none-eabi/13.3.1/thumb/v7-m/nofp/crtn.o
 *(.fini)
 .fini          0x080049c4        0x4 G:/STM32CubeIDE1.19/STM32CubeIDE_1.19.0/STM32CubeIDE/plugins/com.st.stm32cube.ide.mcu.externaltools.gnu-tools-for-stm32.13.3.rel1.win32_1.0.0.202411081344/tools/bin/../lib/gcc/arm-none-eabi/13.3.1/thumb/v7-m/nofp/crti.o
                0x080049c4                _fini
 .fini          0x080049c8        0x8 G:/STM32CubeIDE1.19/STM32CubeIDE_1.19.0/STM32CubeIDE/plugins/com.st.stm32cube.ide.mcu.externaltools.gnu-tools-for-stm32.13.3.rel1.win32_1.0.0.202411081344/tools/bin/../lib/gcc/arm-none-eabi/13.3.1/thumb/v7-m/nofp/crtn.o
                0x080049d0                        . = ALIGN (0x4)
                0x080049d0                        _etext = .

.vfp11_veneer   0x080049d0        0x0
 .vfp11_veneer  0x080049d0        0x0 linker stubs

.v4_bx          0x080049d0        0x0
 .v4_bx         0x080049d0        0x0 linker stubs

.iplt           0x080049d0        0x0
 .iplt          0x080049d0        0x0 G:/STM32CubeIDE1.19/STM32CubeIDE_1.19.0/STM32CubeIDE/plugins/com.st.stm32cube.ide.mcu.externaltools.gnu-tools-for-stm32.13.3.rel1.win32_1.0.0.202411081344/tools/bin/../lib/gcc/arm-none-eabi/13.3.1/thumb/v7-m/nofp/crtbegin.o

.rodata         0x080049d0       0x88
                0x080049d0                        . = ALIGN (0x4)
 *(.rodata)
 .rodata        0x080049d0       0x11 ./Core/Src/main.o
 *(.rodata*)
 *fill*         0x080049e1        0x3 
 .rodata.AHBPrescTable
                0x080049e4       0x10 ./Core/Src/system_stm32f1xx.o
                0x080049e4                AHBPrescTable
 .rodata.APBPrescTable
                0x080049f4        0x8 ./Core/Src/system_stm32f1xx.o
                0x080049f4                APBPrescTable
 .rodata.aPLLMULFactorTable.1
                0x080049fc       0x10 ./Drivers/STM32F1xx_HAL_Driver/Src/stm32f1xx_hal_rcc.o
 .rodata.aPredivFactorTable.0
                0x08004a0c        0x2 ./Drivers/STM32F1xx_HAL_Driver/Src/stm32f1xx_hal_rcc.o
 *fill*         0x08004a0e        0x2 
 .rodata.aPLLMULFactorTable.1
                0x08004a10       0x10 ./Drivers/STM32F1xx_HAL_Driver/Src/stm32f1xx_hal_rcc_ex.o
 .rodata.aPredivFactorTable.0
                0x08004a20        0x2 ./Drivers/STM32F1xx_HAL_Driver/Src/stm32f1xx_hal_rcc_ex.o
 .rodata._vfprintf_r.str1.1
                0x08004a22       0x33 G:/STM32CubeIDE1.19/STM32CubeIDE_1.19.0/STM32CubeIDE/plugins/com.st.stm32cube.ide.mcu.externaltools.gnu-tools-for-stm32.13.3.rel1.win32_1.0.0.202411081344/tools/bin/../lib/gcc/arm-none-eabi/13.3.1/../../../../arm-none-eabi/lib/thumb/v7-m/nofp\libc_nano.a(libc_a-nano-vfprintf.o)
                                 0x11 (size before relaxing)
 .rodata._printf_i.str1.1
                0x08004a55       0x22 G:/STM32CubeIDE1.19/STM32CubeIDE_1.19.0/STM32CubeIDE/plugins/com.st.stm32cube.ide.mcu.externaltools.gnu-tools-for-stm32.13.3.rel1.win32_1.0.0.202411081344/tools/bin/../lib/gcc/arm-none-eabi/13.3.1/../../../../arm-none-eabi/lib/thumb/v7-m/nofp\libc_nano.a(libc_a-nano-vfprintf_i.o)
                0x08004a78                        . = ALIGN (0x4)
 *fill*         0x08004a55        0x3 

.ARM.extab      0x08004a58        0x0
                0x08004a58                        . = ALIGN (0x4)
 *(.ARM.extab* .gnu.linkonce.armextab.*)
                0x08004a58                        . = ALIGN (0x4)

.ARM            0x08004a58        0x0
                0x08004a58                        . = ALIGN (0x4)
                0x08004a58                        __exidx_start = .
 *(.ARM.exidx*)
                0x08004a58                        __exidx_end = .
                0x08004a58                        . = ALIGN (0x4)

.preinit_array  0x08004a58        0x0
                0x08004a58                        . = ALIGN (0x4)
                0x08004a58                        PROVIDE (__preinit_array_start = .)
 *(.preinit_array*)
                0x08004a58                        PROVIDE (__preinit_array_end = .)
                0x08004a58                        . = ALIGN (0x4)

.init_array     0x08004a58        0x4
                0x08004a58                        . = ALIGN (0x4)
                0x08004a58                        PROVIDE (__init_array_start = .)
 *(SORT_BY_NAME(.init_array.*))
 *(.init_array*)
 .init_array    0x08004a58        0x4 G:/STM32CubeIDE1.19/STM32CubeIDE_1.19.0/STM32CubeIDE/plugins/com.st.stm32cube.ide.mcu.externaltools.gnu-tools-for-stm32.13.3.rel1.win32_1.0.0.202411081344/tools/bin/../lib/gcc/arm-none-eabi/13.3.1/thumb/v7-m/nofp/crtbegin.o
                0x08004a5c                        PROVIDE (__init_array_end = .)
                0x08004a5c                        . = ALIGN (0x4)

.fini_array     0x08004a5c        0x4
                0x08004a5c                        . = ALIGN (0x4)
                [!provide]                        PROVIDE (__fini_array_start = .)
 *(SORT_BY_NAME(.fini_array.*))
 *(.fini_array*)
 .fini_array    0x08004a5c        0x4 G:/STM32CubeIDE1.19/STM32CubeIDE_1.19.0/STM32CubeIDE/plugins/com.st.stm32cube.ide.mcu.externaltools.gnu-tools-for-stm32.13.3.rel1.win32_1.0.0.202411081344/tools/bin/../lib/gcc/arm-none-eabi/13.3.1/thumb/v7-m/nofp/crtbegin.o
                [!provide]                        PROVIDE (__fini_array_end = .)
                0x08004a60                        . = ALIGN (0x4)
                0x08004a60                        _sidata = LOADADDR (.data)

.rel.dyn        0x08004a60        0x0
 .rel.iplt      0x08004a60        0x0 G:/STM32CubeIDE1.19/STM32CubeIDE_1.19.0/STM32CubeIDE/plugins/com.st.stm32cube.ide.mcu.externaltools.gnu-tools-for-stm32.13.3.rel1.win32_1.0.0.202411081344/tools/bin/../lib/gcc/arm-none-eabi/13.3.1/thumb/v7-m/nofp/crtbegin.o

.data           0x20000000       0x68 load address 0x08004a60
                0x20000000                        . = ALIGN (0x4)
                0x20000000                        _sdata = .
 *(.data)
 *(.data*)
 .data.SystemCoreClock
                0x20000000        0x4 ./Core/Src/system_stm32f1xx.o
                0x20000000                SystemCoreClock
 .data.uwTickPrio
                0x20000004        0x4 ./Drivers/STM32F1xx_HAL_Driver/Src/stm32f1xx_hal.o
                0x20000004                uwTickPrio
 .data.uwTickFreq
                0x20000008        0x1 ./Drivers/STM32F1xx_HAL_Driver/Src/stm32f1xx_hal.o
                0x20000008                uwTickFreq
 *fill*         0x20000009        0x3 
 .data.__sglue  0x2000000c        0xc G:/STM32CubeIDE1.19/STM32CubeIDE_1.19.0/STM32CubeIDE/plugins/com.st.stm32cube.ide.mcu.externaltools.gnu-tools-for-stm32.13.3.rel1.win32_1.0.0.202411081344/tools/bin/../lib/gcc/arm-none-eabi/13.3.1/../../../../arm-none-eabi/lib/thumb/v7-m/nofp\libc_nano.a(libc_a-findfp.o)
                0x2000000c                __sglue
 .data._impure_ptr
                0x20000018        0x4 G:/STM32CubeIDE1.19/STM32CubeIDE_1.19.0/STM32CubeIDE/plugins/com.st.stm32cube.ide.mcu.externaltools.gnu-tools-for-stm32.13.3.rel1.win32_1.0.0.202411081344/tools/bin/../lib/gcc/arm-none-eabi/13.3.1/../../../../arm-none-eabi/lib/thumb/v7-m/nofp\libc_nano.a(libc_a-impure.o)
                0x20000018                _impure_ptr
 .data._impure_data
                0x2000001c       0x4c G:/STM32CubeIDE1.19/STM32CubeIDE_1.19.0/STM32CubeIDE/plugins/com.st.stm32cube.ide.mcu.externaltools.gnu-tools-for-stm32.13.3.rel1.win32_1.0.0.202411081344/tools/bin/../lib/gcc/arm-none-eabi/13.3.1/../../../../arm-none-eabi/lib/thumb/v7-m/nofp\libc_nano.a(libc_a-impure.o)
                0x2000001c                _impure_data
 *(.RamFunc)
 *(.RamFunc*)
                0x20000068                        . = ALIGN (0x4)
                0x20000068                        _edata = .

.igot.plt       0x20000068        0x0 load address 0x08004ac8
 .igot.plt      0x20000068        0x0 G:/STM32CubeIDE1.19/STM32CubeIDE_1.19.0/STM32CubeIDE/plugins/com.st.stm32cube.ide.mcu.externaltools.gnu-tools-for-stm32.13.3.rel1.win32_1.0.0.202411081344/tools/bin/../lib/gcc/arm-none-eabi/13.3.1/thumb/v7-m/nofp/crtbegin.o
                0x20000068                        . = ALIGN (0x4)

.bss            0x20000068      0x424 load address 0x08004ac8
                0x20000068                        _sbss = .
                0x20000068                        __bss_start__ = _sbss
 *(.bss)
 .bss           0x20000068       0x1c G:/STM32CubeIDE1.19/STM32CubeIDE_1.19.0/STM32CubeIDE/plugins/com.st.stm32cube.ide.mcu.externaltools.gnu-tools-for-stm32.13.3.rel1.win32_1.0.0.202411081344/tools/bin/../lib/gcc/arm-none-eabi/13.3.1/thumb/v7-m/nofp/crtbegin.o
 *(.bss*)
 .bss.hadc1     0x20000084       0x30 ./Core/Src/adc.o
                0x20000084                hadc1
 .bss.hdma_adc1
                0x200000b4       0x44 ./Core/Src/adc.o
                0x200000b4                hdma_adc1
 .bss.g_adc_dma_buf
                0x200000f8      0x1f4 ./Core/Src/main.o
                0x200000f8                g_adc_dma_buf
 .bss.g_adc_dma_sta
                0x200002ec        0x1 ./Core/Src/stm32f1xx_it.o
                0x200002ec                g_adc_dma_sta
 *fill*         0x200002ed        0x3 
 .bss.__sbrk_heap_end
                0x200002f0        0x4 ./Core/Src/sysmem.o
 .bss.huart1    0x200002f4       0x48 ./Core/Src/usart.o
                0x200002f4                huart1
 .bss.uwTick    0x2000033c        0x4 ./Drivers/STM32F1xx_HAL_Driver/Src/stm32f1xx_hal.o
                0x2000033c                uwTick
 .bss.__sf      0x20000340      0x138 G:/STM32CubeIDE1.19/STM32CubeIDE_1.19.0/STM32CubeIDE/plugins/com.st.stm32cube.ide.mcu.externaltools.gnu-tools-for-stm32.13.3.rel1.win32_1.0.0.202411081344/tools/bin/../lib/gcc/arm-none-eabi/13.3.1/../../../../arm-none-eabi/lib/thumb/v7-m/nofp\libc_nano.a(libc_a-findfp.o)
                0x20000340                __sf
 .bss.__stdio_exit_handler
                0x20000478        0x4 G:/STM32CubeIDE1.19/STM32CubeIDE_1.19.0/STM32CubeIDE/plugins/com.st.stm32cube.ide.mcu.externaltools.gnu-tools-for-stm32.13.3.rel1.win32_1.0.0.202411081344/tools/bin/../lib/gcc/arm-none-eabi/13.3.1/../../../../arm-none-eabi/lib/thumb/v7-m/nofp\libc_nano.a(libc_a-findfp.o)
                0x20000478                __stdio_exit_handler
 .bss.errno     0x2000047c        0x4 G:/STM32CubeIDE1.19/STM32CubeIDE_1.19.0/STM32CubeIDE/plugins/com.st.stm32cube.ide.mcu.externaltools.gnu-tools-for-stm32.13.3.rel1.win32_1.0.0.202411081344/tools/bin/../lib/gcc/arm-none-eabi/13.3.1/../../../../arm-none-eabi/lib/thumb/v7-m/nofp\libc_nano.a(libc_a-reent.o)
                0x2000047c                errno
 .bss.__lock___malloc_recursive_mutex
                0x20000480        0x1 G:/STM32CubeIDE1.19/STM32CubeIDE_1.19.0/STM32CubeIDE/plugins/com.st.stm32cube.ide.mcu.externaltools.gnu-tools-for-stm32.13.3.rel1.win32_1.0.0.202411081344/tools/bin/../lib/gcc/arm-none-eabi/13.3.1/../../../../arm-none-eabi/lib/thumb/v7-m/nofp\libc_nano.a(libc_a-lock.o)
                0x20000480                __lock___malloc_recursive_mutex
 .bss.__lock___sfp_recursive_mutex
                0x20000481        0x1 G:/STM32CubeIDE1.19/STM32CubeIDE_1.19.0/STM32CubeIDE/plugins/com.st.stm32cube.ide.mcu.externaltools.gnu-tools-for-stm32.13.3.rel1.win32_1.0.0.202411081344/tools/bin/../lib/gcc/arm-none-eabi/13.3.1/../../../../arm-none-eabi/lib/thumb/v7-m/nofp\libc_nano.a(libc_a-lock.o)
                0x20000481                __lock___sfp_recursive_mutex
 *fill*         0x20000482        0x2 
 .bss.__malloc_sbrk_start
                0x20000484        0x4 G:/STM32CubeIDE1.19/STM32CubeIDE_1.19.0/STM32CubeIDE/plugins/com.st.stm32cube.ide.mcu.externaltools.gnu-tools-for-stm32.13.3.rel1.win32_1.0.0.202411081344/tools/bin/../lib/gcc/arm-none-eabi/13.3.1/../../../../arm-none-eabi/lib/thumb/v7-m/nofp\libc_nano.a(libc_a-mallocr.o)
                0x20000484                __malloc_sbrk_start
 .bss.__malloc_free_list
                0x20000488        0x4 G:/STM32CubeIDE1.19/STM32CubeIDE_1.19.0/STM32CubeIDE/plugins/com.st.stm32cube.ide.mcu.externaltools.gnu-tools-for-stm32.13.3.rel1.win32_1.0.0.202411081344/tools/bin/../lib/gcc/arm-none-eabi/13.3.1/../../../../arm-none-eabi/lib/thumb/v7-m/nofp\libc_nano.a(libc_a-mallocr.o)
                0x20000488                __malloc_free_list
 *(COMMON)
                0x2000048c                        . = ALIGN (0x4)
                0x2000048c                        _ebss = .
                0x2000048c                        __bss_end__ = _ebss

._user_heap_stack
                0x2000048c      0x604 load address 0x08004ac8
                0x20000490                        . = ALIGN (0x8)
 *fill*         0x2000048c        0x4 
                [!provide]                        PROVIDE (end = .)
                0x20000490                        PROVIDE (_end = .)
                0x20000690                        . = (. + _Min_Heap_Size)
 *fill*         0x20000490      0x200 
                0x20000a90                        . = (. + _Min_Stack_Size)
 *fill*         0x20000690      0x400 
                0x20000a90                        . = ALIGN (0x8)

/DISCARD/
 libc.a(*)
 libm.a(*)
 libgcc.a(*)

.ARM.attributes
                0x00000000       0x29
 *(.ARM.attributes)
 .ARM.attributes
                0x00000000       0x1d G:/STM32CubeIDE1.19/STM32CubeIDE_1.19.0/STM32CubeIDE/plugins/com.st.stm32cube.ide.mcu.externaltools.gnu-tools-for-stm32.13.3.rel1.win32_1.0.0.202411081344/tools/bin/../lib/gcc/arm-none-eabi/13.3.1/thumb/v7-m/nofp/crti.o
 .ARM.attributes
                0x0000001d       0x2d G:/STM32CubeIDE1.19/STM32CubeIDE_1.19.0/STM32CubeIDE/plugins/com.st.stm32cube.ide.mcu.externaltools.gnu-tools-for-stm32.13.3.rel1.win32_1.0.0.202411081344/tools/bin/../lib/gcc/arm-none-eabi/13.3.1/thumb/v7-m/nofp/crtbegin.o
 .ARM.attributes
                0x0000004a       0x2d ./Core/Src/adc.o
 .ARM.attributes
                0x00000077       0x2d ./Core/Src/dma.o
 .ARM.attributes
                0x000000a4       0x2d ./Core/Src/gpio.o
 .ARM.attributes
                0x000000d1       0x2d ./Core/Src/main.o
 .ARM.attributes
                0x000000fe       0x2d ./Core/Src/stm32f1xx_hal_msp.o
 .ARM.attributes
                0x0000012b       0x2d ./Core/Src/stm32f1xx_it.o
 .ARM.attributes
                0x00000158       0x2d ./Core/Src/syscalls.o
 .ARM.attributes
                0x00000185       0x2d ./Core/Src/sysmem.o
 .ARM.attributes
                0x000001b2       0x2d ./Core/Src/system_stm32f1xx.o
 .ARM.attributes
                0x000001df       0x2d ./Core/Src/usart.o
 .ARM.attributes
                0x0000020c       0x21 ./Core/Startup/startup_stm32f103zctx.o
 .ARM.attributes
                0x0000022d       0x2d ./Drivers/STM32F1xx_HAL_Driver/Src/stm32f1xx_hal.o
 .ARM.attributes
                0x0000025a       0x2d ./Drivers/STM32F1xx_HAL_Driver/Src/stm32f1xx_hal_adc.o
 .ARM.attributes
                0x00000287       0x2d ./Drivers/STM32F1xx_HAL_Driver/Src/stm32f1xx_hal_adc_ex.o
 .ARM.attributes
                0x000002b4       0x2d ./Drivers/STM32F1xx_HAL_Driver/Src/stm32f1xx_hal_cortex.o
 .ARM.attributes
                0x000002e1       0x2d ./Drivers/STM32F1xx_HAL_Driver/Src/stm32f1xx_hal_dma.o
 .ARM.attributes
                0x0000030e       0x2d ./Drivers/STM32F1xx_HAL_Driver/Src/stm32f1xx_hal_gpio.o
 .ARM.attributes
                0x0000033b       0x2d ./Drivers/STM32F1xx_HAL_Driver/Src/stm32f1xx_hal_rcc.o
 .ARM.attributes
                0x00000368       0x2d ./Drivers/STM32F1xx_HAL_Driver/Src/stm32f1xx_hal_rcc_ex.o
 .ARM.attributes
                0x00000395       0x2d ./Drivers/STM32F1xx_HAL_Driver/Src/stm32f1xx_hal_uart.o
 .ARM.attributes
                0x000003c2       0x2d G:/STM32CubeIDE1.19/STM32CubeIDE_1.19.0/STM32CubeIDE/plugins/com.st.stm32cube.ide.mcu.externaltools.gnu-tools-for-stm32.13.3.rel1.win32_1.0.0.202411081344/tools/bin/../lib/gcc/arm-none-eabi/13.3.1/../../../../arm-none-eabi/lib/thumb/v7-m/nofp\libc_nano.a(libc_a-findfp.o)
 .ARM.attributes
                0x000003ef       0x2d G:/STM32CubeIDE1.19/STM32CubeIDE_1.19.0/STM32CubeIDE/plugins/com.st.stm32cube.ide.mcu.externaltools.gnu-tools-for-stm32.13.3.rel1.win32_1.0.0.202411081344/tools/bin/../lib/gcc/arm-none-eabi/13.3.1/../../../../arm-none-eabi/lib/thumb/v7-m/nofp\libc_nano.a(libc_a-fwalk.o)
 .ARM.attributes
                0x0000041c       0x2d G:/STM32CubeIDE1.19/STM32CubeIDE_1.19.0/STM32CubeIDE/plugins/com.st.stm32cube.ide.mcu.externaltools.gnu-tools-for-stm32.13.3.rel1.win32_1.0.0.202411081344/tools/bin/../lib/gcc/arm-none-eabi/13.3.1/../../../../arm-none-eabi/lib/thumb/v7-m/nofp\libc_nano.a(libc_a-printf.o)
 .ARM.attributes
                0x00000449       0x2d G:/STM32CubeIDE1.19/STM32CubeIDE_1.19.0/STM32CubeIDE/plugins/com.st.stm32cube.ide.mcu.externaltools.gnu-tools-for-stm32.13.3.rel1.win32_1.0.0.202411081344/tools/bin/../lib/gcc/arm-none-eabi/13.3.1/../../../../arm-none-eabi/lib/thumb/v7-m/nofp\libc_nano.a(libc_a-stdio.o)
 .ARM.attributes
                0x00000476       0x2d G:/STM32CubeIDE1.19/STM32CubeIDE_1.19.0/STM32CubeIDE/plugins/com.st.stm32cube.ide.mcu.externaltools.gnu-tools-for-stm32.13.3.rel1.win32_1.0.0.202411081344/tools/bin/../lib/gcc/arm-none-eabi/13.3.1/../../../../arm-none-eabi/lib/thumb/v7-m/nofp\libc_nano.a(libc_a-memset.o)
 .ARM.attributes
                0x000004a3       0x2d G:/STM32CubeIDE1.19/STM32CubeIDE_1.19.0/STM32CubeIDE/plugins/com.st.stm32cube.ide.mcu.externaltools.gnu-tools-for-stm32.13.3.rel1.win32_1.0.0.202411081344/tools/bin/../lib/gcc/arm-none-eabi/13.3.1/../../../../arm-none-eabi/lib/thumb/v7-m/nofp\libc_nano.a(libc_a-closer.o)
 .ARM.attributes
                0x000004d0       0x2d G:/STM32CubeIDE1.19/STM32CubeIDE_1.19.0/STM32CubeIDE/plugins/com.st.stm32cube.ide.mcu.externaltools.gnu-tools-for-stm32.13.3.rel1.win32_1.0.0.202411081344/tools/bin/../lib/gcc/arm-none-eabi/13.3.1/../../../../arm-none-eabi/lib/thumb/v7-m/nofp\libc_nano.a(libc_a-reent.o)
 .ARM.attributes
                0x000004fd       0x2d G:/STM32CubeIDE1.19/STM32CubeIDE_1.19.0/STM32CubeIDE/plugins/com.st.stm32cube.ide.mcu.externaltools.gnu-tools-for-stm32.13.3.rel1.win32_1.0.0.202411081344/tools/bin/../lib/gcc/arm-none-eabi/13.3.1/../../../../arm-none-eabi/lib/thumb/v7-m/nofp\libc_nano.a(libc_a-impure.o)
 .ARM.attributes
                0x0000052a       0x2d G:/STM32CubeIDE1.19/STM32CubeIDE_1.19.0/STM32CubeIDE/plugins/com.st.stm32cube.ide.mcu.externaltools.gnu-tools-for-stm32.13.3.rel1.win32_1.0.0.202411081344/tools/bin/../lib/gcc/arm-none-eabi/13.3.1/../../../../arm-none-eabi/lib/thumb/v7-m/nofp\libc_nano.a(libc_a-lseekr.o)
 .ARM.attributes
                0x00000557       0x2d G:/STM32CubeIDE1.19/STM32CubeIDE_1.19.0/STM32CubeIDE/plugins/com.st.stm32cube.ide.mcu.externaltools.gnu-tools-for-stm32.13.3.rel1.win32_1.0.0.202411081344/tools/bin/../lib/gcc/arm-none-eabi/13.3.1/../../../../arm-none-eabi/lib/thumb/v7-m/nofp\libc_nano.a(libc_a-readr.o)
 .ARM.attributes
                0x00000584       0x2d G:/STM32CubeIDE1.19/STM32CubeIDE_1.19.0/STM32CubeIDE/plugins/com.st.stm32cube.ide.mcu.externaltools.gnu-tools-for-stm32.13.3.rel1.win32_1.0.0.202411081344/tools/bin/../lib/gcc/arm-none-eabi/13.3.1/../../../../arm-none-eabi/lib/thumb/v7-m/nofp\libc_nano.a(libc_a-writer.o)
 .ARM.attributes
                0x000005b1       0x2d G:/STM32CubeIDE1.19/STM32CubeIDE_1.19.0/STM32CubeIDE/plugins/com.st.stm32cube.ide.mcu.externaltools.gnu-tools-for-stm32.13.3.rel1.win32_1.0.0.202411081344/tools/bin/../lib/gcc/arm-none-eabi/13.3.1/../../../../arm-none-eabi/lib/thumb/v7-m/nofp\libc_nano.a(libc_a-errno.o)
 .ARM.attributes
                0x000005de       0x2d G:/STM32CubeIDE1.19/STM32CubeIDE_1.19.0/STM32CubeIDE/plugins/com.st.stm32cube.ide.mcu.externaltools.gnu-tools-for-stm32.13.3.rel1.win32_1.0.0.202411081344/tools/bin/../lib/gcc/arm-none-eabi/13.3.1/../../../../arm-none-eabi/lib/thumb/v7-m/nofp\libc_nano.a(libc_a-init.o)
 .ARM.attributes
                0x0000060b       0x2d G:/STM32CubeIDE1.19/STM32CubeIDE_1.19.0/STM32CubeIDE/plugins/com.st.stm32cube.ide.mcu.externaltools.gnu-tools-for-stm32.13.3.rel1.win32_1.0.0.202411081344/tools/bin/../lib/gcc/arm-none-eabi/13.3.1/../../../../arm-none-eabi/lib/thumb/v7-m/nofp\libc_nano.a(libc_a-lock.o)
 .ARM.attributes
                0x00000638       0x2d G:/STM32CubeIDE1.19/STM32CubeIDE_1.19.0/STM32CubeIDE/plugins/com.st.stm32cube.ide.mcu.externaltools.gnu-tools-for-stm32.13.3.rel1.win32_1.0.0.202411081344/tools/bin/../lib/gcc/arm-none-eabi/13.3.1/../../../../arm-none-eabi/lib/thumb/v7-m/nofp\libc_nano.a(libc_a-freer.o)
 .ARM.attributes
                0x00000665       0x2d G:/STM32CubeIDE1.19/STM32CubeIDE_1.19.0/STM32CubeIDE/plugins/com.st.stm32cube.ide.mcu.externaltools.gnu-tools-for-stm32.13.3.rel1.win32_1.0.0.202411081344/tools/bin/../lib/gcc/arm-none-eabi/13.3.1/../../../../arm-none-eabi/lib/thumb/v7-m/nofp\libc_nano.a(libc_a-mallocr.o)
 .ARM.attributes
                0x00000692       0x2d G:/STM32CubeIDE1.19/STM32CubeIDE_1.19.0/STM32CubeIDE/plugins/com.st.stm32cube.ide.mcu.externaltools.gnu-tools-for-stm32.13.3.rel1.win32_1.0.0.202411081344/tools/bin/../lib/gcc/arm-none-eabi/13.3.1/../../../../arm-none-eabi/lib/thumb/v7-m/nofp\libc_nano.a(libc_a-mlock.o)
 .ARM.attributes
                0x000006bf       0x2d G:/STM32CubeIDE1.19/STM32CubeIDE_1.19.0/STM32CubeIDE/plugins/com.st.stm32cube.ide.mcu.externaltools.gnu-tools-for-stm32.13.3.rel1.win32_1.0.0.202411081344/tools/bin/../lib/gcc/arm-none-eabi/13.3.1/../../../../arm-none-eabi/lib/thumb/v7-m/nofp\libc_nano.a(libc_a-nano-vfprintf.o)
 .ARM.attributes
                0x000006ec       0x2d G:/STM32CubeIDE1.19/STM32CubeIDE_1.19.0/STM32CubeIDE/plugins/com.st.stm32cube.ide.mcu.externaltools.gnu-tools-for-stm32.13.3.rel1.win32_1.0.0.202411081344/tools/bin/../lib/gcc/arm-none-eabi/13.3.1/../../../../arm-none-eabi/lib/thumb/v7-m/nofp\libc_nano.a(libc_a-nano-vfprintf_i.o)
 .ARM.attributes
                0x00000719       0x2d G:/STM32CubeIDE1.19/STM32CubeIDE_1.19.0/STM32CubeIDE/plugins/com.st.stm32cube.ide.mcu.externaltools.gnu-tools-for-stm32.13.3.rel1.win32_1.0.0.202411081344/tools/bin/../lib/gcc/arm-none-eabi/13.3.1/../../../../arm-none-eabi/lib/thumb/v7-m/nofp\libc_nano.a(libc_a-fflush.o)
 .ARM.attributes
                0x00000746       0x2d G:/STM32CubeIDE1.19/STM32CubeIDE_1.19.0/STM32CubeIDE/plugins/com.st.stm32cube.ide.mcu.externaltools.gnu-tools-for-stm32.13.3.rel1.win32_1.0.0.202411081344/tools/bin/../lib/gcc/arm-none-eabi/13.3.1/../../../../arm-none-eabi/lib/thumb/v7-m/nofp\libc_nano.a(libc_a-wbuf.o)
 .ARM.attributes
                0x00000773       0x2d G:/STM32CubeIDE1.19/STM32CubeIDE_1.19.0/STM32CubeIDE/plugins/com.st.stm32cube.ide.mcu.externaltools.gnu-tools-for-stm32.13.3.rel1.win32_1.0.0.202411081344/tools/bin/../lib/gcc/arm-none-eabi/13.3.1/../../../../arm-none-eabi/lib/thumb/v7-m/nofp\libc_nano.a(libc_a-wsetup.o)
 .ARM.attributes
                0x000007a0       0x2d G:/STM32CubeIDE1.19/STM32CubeIDE_1.19.0/STM32CubeIDE/plugins/com.st.stm32cube.ide.mcu.externaltools.gnu-tools-for-stm32.13.3.rel1.win32_1.0.0.202411081344/tools/bin/../lib/gcc/arm-none-eabi/13.3.1/../../../../arm-none-eabi/lib/thumb/v7-m/nofp\libc_nano.a(libc_a-sbrkr.o)
 .ARM.attributes
                0x000007cd       0x2d G:/STM32CubeIDE1.19/STM32CubeIDE_1.19.0/STM32CubeIDE/plugins/com.st.stm32cube.ide.mcu.externaltools.gnu-tools-for-stm32.13.3.rel1.win32_1.0.0.202411081344/tools/bin/../lib/gcc/arm-none-eabi/13.3.1/../../../../arm-none-eabi/lib/thumb/v7-m/nofp\libc_nano.a(libc_a-memchr-stub.o)
 .ARM.attributes
                0x000007fa       0x2d G:/STM32CubeIDE1.19/STM32CubeIDE_1.19.0/STM32CubeIDE/plugins/com.st.stm32cube.ide.mcu.externaltools.gnu-tools-for-stm32.13.3.rel1.win32_1.0.0.202411081344/tools/bin/../lib/gcc/arm-none-eabi/13.3.1/../../../../arm-none-eabi/lib/thumb/v7-m/nofp\libc_nano.a(libc_a-makebuf.o)
 .ARM.attributes
                0x00000827       0x2d G:/STM32CubeIDE1.19/STM32CubeIDE_1.19.0/STM32CubeIDE/plugins/com.st.stm32cube.ide.mcu.externaltools.gnu-tools-for-stm32.13.3.rel1.win32_1.0.0.202411081344/tools/bin/../lib/gcc/arm-none-eabi/13.3.1/../../../../arm-none-eabi/lib/thumb/v7-m/nofp\libc_nano.a(libc_a-fstatr.o)
 .ARM.attributes
                0x00000854       0x2d G:/STM32CubeIDE1.19/STM32CubeIDE_1.19.0/STM32CubeIDE/plugins/com.st.stm32cube.ide.mcu.externaltools.gnu-tools-for-stm32.13.3.rel1.win32_1.0.0.202411081344/tools/bin/../lib/gcc/arm-none-eabi/13.3.1/../../../../arm-none-eabi/lib/thumb/v7-m/nofp\libc_nano.a(libc_a-isattyr.o)
 .ARM.attributes
                0x00000881       0x1d G:/STM32CubeIDE1.19/STM32CubeIDE_1.19.0/STM32CubeIDE/plugins/com.st.stm32cube.ide.mcu.externaltools.gnu-tools-for-stm32.13.3.rel1.win32_1.0.0.202411081344/tools/bin/../lib/gcc/arm-none-eabi/13.3.1/thumb/v7-m/nofp\libgcc.a(_arm_muldf3.o)
 .ARM.attributes
                0x0000089e       0x1d G:/STM32CubeIDE1.19/STM32CubeIDE_1.19.0/STM32CubeIDE/plugins/com.st.stm32cube.ide.mcu.externaltools.gnu-tools-for-stm32.13.3.rel1.win32_1.0.0.202411081344/tools/bin/../lib/gcc/arm-none-eabi/13.3.1/thumb/v7-m/nofp\libgcc.a(_arm_addsubdf3.o)
 .ARM.attributes
                0x000008bb       0x1d G:/STM32CubeIDE1.19/STM32CubeIDE_1.19.0/STM32CubeIDE/plugins/com.st.stm32cube.ide.mcu.externaltools.gnu-tools-for-stm32.13.3.rel1.win32_1.0.0.202411081344/tools/bin/../lib/gcc/arm-none-eabi/13.3.1/thumb/v7-m/nofp\libgcc.a(_arm_truncdfsf2.o)
 .ARM.attributes
                0x000008d8       0x1d G:/STM32CubeIDE1.19/STM32CubeIDE_1.19.0/STM32CubeIDE/plugins/com.st.stm32cube.ide.mcu.externaltools.gnu-tools-for-stm32.13.3.rel1.win32_1.0.0.202411081344/tools/bin/../lib/gcc/arm-none-eabi/13.3.1/thumb/v7-m/nofp\libgcc.a(_arm_addsubsf3.o)
 .ARM.attributes
                0x000008f5       0x1d G:/STM32CubeIDE1.19/STM32CubeIDE_1.19.0/STM32CubeIDE/plugins/com.st.stm32cube.ide.mcu.externaltools.gnu-tools-for-stm32.13.3.rel1.win32_1.0.0.202411081344/tools/bin/../lib/gcc/arm-none-eabi/13.3.1/thumb/v7-m/nofp\libgcc.a(_arm_muldivsf3.o)
 .ARM.attributes
                0x00000912       0x1d G:/STM32CubeIDE1.19/STM32CubeIDE_1.19.0/STM32CubeIDE/plugins/com.st.stm32cube.ide.mcu.externaltools.gnu-tools-for-stm32.13.3.rel1.win32_1.0.0.202411081344/tools/bin/../lib/gcc/arm-none-eabi/13.3.1/thumb/v7-m/nofp\libgcc.a(_arm_fixunssfsi.o)
 .ARM.attributes
                0x0000092f       0x1d G:/STM32CubeIDE1.19/STM32CubeIDE_1.19.0/STM32CubeIDE/plugins/com.st.stm32cube.ide.mcu.externaltools.gnu-tools-for-stm32.13.3.rel1.win32_1.0.0.202411081344/tools/bin/../lib/gcc/arm-none-eabi/13.3.1/thumb/v7-m/nofp/crtn.o
OUTPUT(New.elf elf32-littlearm)
LOAD linker stubs
LOAD G:/STM32CubeIDE1.19/STM32CubeIDE_1.19.0/STM32CubeIDE/plugins/com.st.stm32cube.ide.mcu.externaltools.gnu-tools-for-stm32.13.3.rel1.win32_1.0.0.202411081344/tools/bin/../lib/gcc/arm-none-eabi/13.3.1/../../../../arm-none-eabi/lib/thumb/v7-m/nofp\libc.a
LOAD G:/STM32CubeIDE1.19/STM32CubeIDE_1.19.0/STM32CubeIDE/plugins/com.st.stm32cube.ide.mcu.externaltools.gnu-tools-for-stm32.13.3.rel1.win32_1.0.0.202411081344/tools/bin/../lib/gcc/arm-none-eabi/13.3.1/../../../../arm-none-eabi/lib/thumb/v7-m/nofp\libm.a
LOAD G:/STM32CubeIDE1.19/STM32CubeIDE_1.19.0/STM32CubeIDE/plugins/com.st.stm32cube.ide.mcu.externaltools.gnu-tools-for-stm32.13.3.rel1.win32_1.0.0.202411081344/tools/bin/../lib/gcc/arm-none-eabi/13.3.1/thumb/v7-m/nofp\libgcc.a

.debug_info     0x00000000     0x9f5d
 .debug_info    0x00000000      0x993 ./Core/Src/adc.o
 .debug_info    0x00000993      0x335 ./Core/Src/dma.o
 .debug_info    0x00000cc8      0x169 ./Core/Src/gpio.o
 .debug_info    0x00000e31      0x931 ./Core/Src/main.o
 .debug_info    0x00001762      0x1f1 ./Core/Src/stm32f1xx_hal_msp.o
 .debug_info    0x00001953      0x388 ./Core/Src/stm32f1xx_it.o
 .debug_info    0x00001cdb      0x6a3 ./Core/Src/syscalls.o
 .debug_info    0x0000237e      0x168 ./Core/Src/sysmem.o
 .debug_info    0x000024e6      0x222 ./Core/Src/system_stm32f1xx.o
 .debug_info    0x00002708      0x846 ./Core/Src/usart.o
 .debug_info    0x00002f4e       0x30 ./Core/Startup/startup_stm32f103zctx.o
 .debug_info    0x00002f7e      0x76a ./Drivers/STM32F1xx_HAL_Driver/Src/stm32f1xx_hal.o
 .debug_info    0x000036e8      0xc50 ./Drivers/STM32F1xx_HAL_Driver/Src/stm32f1xx_hal_adc.o
 .debug_info    0x00004338      0xa10 ./Drivers/STM32F1xx_HAL_Driver/Src/stm32f1xx_hal_adc_ex.o
 .debug_info    0x00004d48      0xaed ./Drivers/STM32F1xx_HAL_Driver/Src/stm32f1xx_hal_cortex.o
 .debug_info    0x00005835      0x6d2 ./Drivers/STM32F1xx_HAL_Driver/Src/stm32f1xx_hal_dma.o
 .debug_info    0x00005f07      0x5ab ./Drivers/STM32F1xx_HAL_Driver/Src/stm32f1xx_hal_gpio.o
 .debug_info    0x000064b2      0x7d5 ./Drivers/STM32F1xx_HAL_Driver/Src/stm32f1xx_hal_rcc.o
 .debug_info    0x00006c87      0x3e9 ./Drivers/STM32F1xx_HAL_Driver/Src/stm32f1xx_hal_rcc_ex.o
 .debug_info    0x00007070     0x2eed ./Drivers/STM32F1xx_HAL_Driver/Src/stm32f1xx_hal_uart.o

.debug_abbrev   0x00000000     0x2365
 .debug_abbrev  0x00000000      0x26d ./Core/Src/adc.o
 .debug_abbrev  0x0000026d       0xfc ./Core/Src/dma.o
 .debug_abbrev  0x00000369       0xc6 ./Core/Src/gpio.o
 .debug_abbrev  0x0000042f      0x26c ./Core/Src/main.o
 .debug_abbrev  0x0000069b       0xdb ./Core/Src/stm32f1xx_hal_msp.o
 .debug_abbrev  0x00000776      0x181 ./Core/Src/stm32f1xx_it.o
 .debug_abbrev  0x000008f7      0x1b6 ./Core/Src/syscalls.o
 .debug_abbrev  0x00000aad       0xbc ./Core/Src/sysmem.o
 .debug_abbrev  0x00000b69      0x13f ./Core/Src/system_stm32f1xx.o
 .debug_abbrev  0x00000ca8      0x22a ./Core/Src/usart.o
 .debug_abbrev  0x00000ed2       0x24 ./Core/Startup/startup_stm32f103zctx.o
 .debug_abbrev  0x00000ef6      0x201 ./Drivers/STM32F1xx_HAL_Driver/Src/stm32f1xx_hal.o
 .debug_abbrev  0x000010f7      0x225 ./Drivers/STM32F1xx_HAL_Driver/Src/stm32f1xx_hal_adc.o
 .debug_abbrev  0x0000131c      0x249 ./Drivers/STM32F1xx_HAL_Driver/Src/stm32f1xx_hal_adc_ex.o
 .debug_abbrev  0x00001565      0x2f8 ./Drivers/STM32F1xx_HAL_Driver/Src/stm32f1xx_hal_cortex.o
 .debug_abbrev  0x0000185d      0x20b ./Drivers/STM32F1xx_HAL_Driver/Src/stm32f1xx_hal_dma.o
 .debug_abbrev  0x00001a68      0x1ca ./Drivers/STM32F1xx_HAL_Driver/Src/stm32f1xx_hal_gpio.o
 .debug_abbrev  0x00001c32      0x2b3 ./Drivers/STM32F1xx_HAL_Driver/Src/stm32f1xx_hal_rcc.o
 .debug_abbrev  0x00001ee5      0x188 ./Drivers/STM32F1xx_HAL_Driver/Src/stm32f1xx_hal_rcc_ex.o
 .debug_abbrev  0x0000206d      0x2f8 ./Drivers/STM32F1xx_HAL_Driver/Src/stm32f1xx_hal_uart.o

.debug_aranges  0x00000000      0x990
 .debug_aranges
                0x00000000       0x50 ./Core/Src/adc.o
 .debug_aranges
                0x00000050       0x20 ./Core/Src/dma.o
 .debug_aranges
                0x00000070       0x20 ./Core/Src/gpio.o
 .debug_aranges
                0x00000090       0x30 ./Core/Src/main.o
 .debug_aranges
                0x000000c0       0x20 ./Core/Src/stm32f1xx_hal_msp.o
 .debug_aranges
                0x000000e0       0x68 ./Core/Src/stm32f1xx_it.o
 .debug_aranges
                0x00000148       0xa8 ./Core/Src/syscalls.o
 .debug_aranges
                0x000001f0       0x20 ./Core/Src/sysmem.o
 .debug_aranges
                0x00000210       0x28 ./Core/Src/system_stm32f1xx.o
 .debug_aranges
                0x00000238       0x40 ./Core/Src/usart.o
 .debug_aranges
                0x00000278       0x28 ./Core/Startup/startup_stm32f103zctx.o
 .debug_aranges
                0x000002a0       0xe0 ./Drivers/STM32F1xx_HAL_Driver/Src/stm32f1xx_hal.o
 .debug_aranges
                0x00000380       0xf0 ./Drivers/STM32F1xx_HAL_Driver/Src/stm32f1xx_hal_adc.o
 .debug_aranges
                0x00000470       0x80 ./Drivers/STM32F1xx_HAL_Driver/Src/stm32f1xx_hal_adc_ex.o
 .debug_aranges
                0x000004f0      0x100 ./Drivers/STM32F1xx_HAL_Driver/Src/stm32f1xx_hal_cortex.o
 .debug_aranges
                0x000005f0       0x80 ./Drivers/STM32F1xx_HAL_Driver/Src/stm32f1xx_hal_dma.o
 .debug_aranges
                0x00000670       0x58 ./Drivers/STM32F1xx_HAL_Driver/Src/stm32f1xx_hal_gpio.o
 .debug_aranges
                0x000006c8       0x90 ./Drivers/STM32F1xx_HAL_Driver/Src/stm32f1xx_hal_rcc.o
 .debug_aranges
                0x00000758       0x30 ./Drivers/STM32F1xx_HAL_Driver/Src/stm32f1xx_hal_rcc_ex.o
 .debug_aranges
                0x00000788      0x208 ./Drivers/STM32F1xx_HAL_Driver/Src/stm32f1xx_hal_uart.o

.debug_rnglists
                0x00000000      0x733
 .debug_rnglists
                0x00000000       0x39 ./Core/Src/adc.o
 .debug_rnglists
                0x00000039       0x13 ./Core/Src/dma.o
 .debug_rnglists
                0x0000004c       0x13 ./Core/Src/gpio.o
 .debug_rnglists
                0x0000005f       0x21 ./Core/Src/main.o
 .debug_rnglists
                0x00000080       0x13 ./Core/Src/stm32f1xx_hal_msp.o
 .debug_rnglists
                0x00000093       0x49 ./Core/Src/stm32f1xx_it.o
 .debug_rnglists
                0x000000dc       0x79 ./Core/Src/syscalls.o
 .debug_rnglists
                0x00000155       0x13 ./Core/Src/sysmem.o
 .debug_rnglists
                0x00000168       0x1a ./Core/Src/system_stm32f1xx.o
 .debug_rnglists
                0x00000182       0x2c ./Core/Src/usart.o
 .debug_rnglists
                0x000001ae       0x19 ./Core/Startup/startup_stm32f103zctx.o
 .debug_rnglists
                0x000001c7       0xa3 ./Drivers/STM32F1xx_HAL_Driver/Src/stm32f1xx_hal.o
 .debug_rnglists
                0x0000026a       0xbc ./Drivers/STM32F1xx_HAL_Driver/Src/stm32f1xx_hal_adc.o
 .debug_rnglists
                0x00000326       0x65 ./Drivers/STM32F1xx_HAL_Driver/Src/stm32f1xx_hal_adc_ex.o
 .debug_rnglists
                0x0000038b       0xbb ./Drivers/STM32F1xx_HAL_Driver/Src/stm32f1xx_hal_cortex.o
 .debug_rnglists
                0x00000446       0x64 ./Drivers/STM32F1xx_HAL_Driver/Src/stm32f1xx_hal_dma.o
 .debug_rnglists
                0x000004aa       0x3f ./Drivers/STM32F1xx_HAL_Driver/Src/stm32f1xx_hal_gpio.o
 .debug_rnglists
                0x000004e9       0x6c ./Drivers/STM32F1xx_HAL_Driver/Src/stm32f1xx_hal_rcc.o
 .debug_rnglists
                0x00000555       0x22 ./Drivers/STM32F1xx_HAL_Driver/Src/stm32f1xx_hal_rcc_ex.o
 .debug_rnglists
                0x00000577      0x1bc ./Drivers/STM32F1xx_HAL_Driver/Src/stm32f1xx_hal_uart.o

.debug_macro    0x00000000    0x1ac3d
 .debug_macro   0x00000000      0x1bb ./Core/Src/adc.o
 .debug_macro   0x000001bb      0xacc ./Core/Src/adc.o
 .debug_macro   0x00000c87      0x221 ./Core/Src/adc.o
 .debug_macro   0x00000ea8       0x2e ./Core/Src/adc.o
 .debug_macro   0x00000ed6       0x22 ./Core/Src/adc.o
 .debug_macro   0x00000ef8       0x22 ./Core/Src/adc.o
 .debug_macro   0x00000f1a       0x8e ./Core/Src/adc.o
 .debug_macro   0x00000fa8       0x51 ./Core/Src/adc.o
 .debug_macro   0x00000ff9      0x103 ./Core/Src/adc.o
 .debug_macro   0x000010fc       0x6a ./Core/Src/adc.o
 .debug_macro   0x00001166      0x1df ./Core/Src/adc.o
 .debug_macro   0x00001345       0x1c ./Core/Src/adc.o
 .debug_macro   0x00001361       0x22 ./Core/Src/adc.o
 .debug_macro   0x00001383       0xbd ./Core/Src/adc.o
 .debug_macro   0x00001440      0xd23 ./Core/Src/adc.o
 .debug_macro   0x00002163     0xfd8c ./Core/Src/adc.o
 .debug_macro   0x00011eef       0x6d ./Core/Src/adc.o
 .debug_macro   0x00011f5c     0x34a2 ./Core/Src/adc.o
 .debug_macro   0x000153fe      0x190 ./Core/Src/adc.o
 .debug_macro   0x0001558e       0x5c ./Core/Src/adc.o
 .debug_macro   0x000155ea      0x5bc ./Core/Src/adc.o
 .debug_macro   0x00015ba6      0x4d5 ./Core/Src/adc.o
 .debug_macro   0x0001607b      0x1cb ./Core/Src/adc.o
 .debug_macro   0x00016246      0x114 ./Core/Src/adc.o
 .debug_macro   0x0001635a      0x1ea ./Core/Src/adc.o
 .debug_macro   0x00016544       0x27 ./Core/Src/adc.o
 .debug_macro   0x0001656b      0x144 ./Core/Src/adc.o
 .debug_macro   0x000166af      0x1bc ./Core/Src/adc.o
 .debug_macro   0x0001686b       0x30 ./Core/Src/adc.o
 .debug_macro   0x0001689b       0x3c ./Core/Src/adc.o
 .debug_macro   0x000168d7       0x57 ./Core/Src/adc.o
 .debug_macro   0x0001692e      0x46a ./Core/Src/adc.o
 .debug_macro   0x00016d98      0x25d ./Core/Src/adc.o
 .debug_macro   0x00016ff5       0x87 ./Core/Src/adc.o
 .debug_macro   0x0001707c      0x24f ./Core/Src/adc.o
 .debug_macro   0x000172cb      0x140 ./Core/Src/adc.o
 .debug_macro   0x0001740b      0x28e ./Core/Src/adc.o
 .debug_macro   0x00017699       0xb5 ./Core/Src/adc.o
 .debug_macro   0x0001774e       0x10 ./Core/Src/adc.o
 .debug_macro   0x0001775e      0x1b6 ./Core/Src/dma.o
 .debug_macro   0x00017914      0x1b6 ./Core/Src/gpio.o
 .debug_macro   0x00017aca      0x203 ./Core/Src/main.o
 .debug_macro   0x00017ccd       0x2e ./Core/Src/main.o
 .debug_macro   0x00017cfb       0x10 ./Core/Src/main.o
 .debug_macro   0x00017d0b      0x1ac ./Core/Src/stm32f1xx_hal_msp.o
 .debug_macro   0x00017eb7      0x1c9 ./Core/Src/stm32f1xx_it.o
 .debug_macro   0x00018080      0x274 ./Core/Src/syscalls.o
 .debug_macro   0x000182f4       0x5b ./Core/Src/syscalls.o
 .debug_macro   0x0001834f       0x24 ./Core/Src/syscalls.o
 .debug_macro   0x00018373       0x94 ./Core/Src/syscalls.o
 .debug_macro   0x00018407       0x43 ./Core/Src/syscalls.o
 .debug_macro   0x0001844a       0x34 ./Core/Src/syscalls.o
 .debug_macro   0x0001847e       0x57 ./Core/Src/syscalls.o
 .debug_macro   0x000184d5      0x370 ./Core/Src/syscalls.o
 .debug_macro   0x00018845       0x16 ./Core/Src/syscalls.o
 .debug_macro   0x0001885b       0x4a ./Core/Src/syscalls.o
 .debug_macro   0x000188a5       0x34 ./Core/Src/syscalls.o
 .debug_macro   0x000188d9       0x10 ./Core/Src/syscalls.o
 .debug_macro   0x000188e9       0x58 ./Core/Src/syscalls.o
 .debug_macro   0x00018941       0x8e ./Core/Src/syscalls.o
 .debug_macro   0x000189cf       0x1c ./Core/Src/syscalls.o
 .debug_macro   0x000189eb      0x185 ./Core/Src/syscalls.o
 .debug_macro   0x00018b70       0x10 ./Core/Src/syscalls.o
 .debug_macro   0x00018b80       0x3c ./Core/Src/syscalls.o
 .debug_macro   0x00018bbc       0x10 ./Core/Src/syscalls.o
 .debug_macro   0x00018bcc       0x10 ./Core/Src/syscalls.o
 .debug_macro   0x00018bdc       0x10 ./Core/Src/syscalls.o
 .debug_macro   0x00018bec       0x1c ./Core/Src/syscalls.o
 .debug_macro   0x00018c08       0x52 ./Core/Src/syscalls.o
 .debug_macro   0x00018c5a       0x22 ./Core/Src/syscalls.o
 .debug_macro   0x00018c7c       0x10 ./Core/Src/syscalls.o
 .debug_macro   0x00018c8c       0x52 ./Core/Src/syscalls.o
 .debug_macro   0x00018cde       0xcf ./Core/Src/syscalls.o
 .debug_macro   0x00018dad       0x1c ./Core/Src/syscalls.o
 .debug_macro   0x00018dc9       0x3d ./Core/Src/syscalls.o
 .debug_macro   0x00018e06       0x35 ./Core/Src/syscalls.o
 .debug_macro   0x00018e3b      0x12c ./Core/Src/syscalls.o
 .debug_macro   0x00018f67       0x16 ./Core/Src/syscalls.o
 .debug_macro   0x00018f7d       0x16 ./Core/Src/syscalls.o
 .debug_macro   0x00018f93       0x29 ./Core/Src/syscalls.o
 .debug_macro   0x00018fbc       0x10 ./Core/Src/syscalls.o
 .debug_macro   0x00018fcc      0x242 ./Core/Src/syscalls.o
 .debug_macro   0x0001920e       0x1c ./Core/Src/syscalls.o
 .debug_macro   0x0001922a       0x10 ./Core/Src/syscalls.o
 .debug_macro   0x0001923a       0x10 ./Core/Src/syscalls.o
 .debug_macro   0x0001924a       0x16 ./Core/Src/syscalls.o
 .debug_macro   0x00019260      0x146 ./Core/Src/syscalls.o
 .debug_macro   0x000193a6      0x18a ./Core/Src/syscalls.o
 .debug_macro   0x00019530       0x16 ./Core/Src/syscalls.o
 .debug_macro   0x00019546       0xce ./Core/Src/syscalls.o
 .debug_macro   0x00019614      0x112 ./Core/Src/sysmem.o
 .debug_macro   0x00019726      0x23c ./Core/Src/sysmem.o
 .debug_macro   0x00019962      0x1a2 ./Core/Src/system_stm32f1xx.o
 .debug_macro   0x00019b04      0x1b6 ./Core/Src/usart.o
 .debug_macro   0x00019cba      0x1c6 ./Drivers/STM32F1xx_HAL_Driver/Src/stm32f1xx_hal.o
 .debug_macro   0x00019e80      0x1bf ./Drivers/STM32F1xx_HAL_Driver/Src/stm32f1xx_hal_adc.o
 .debug_macro   0x0001a03f      0x1b4 ./Drivers/STM32F1xx_HAL_Driver/Src/stm32f1xx_hal_adc_ex.o
 .debug_macro   0x0001a1f3      0x1a2 ./Drivers/STM32F1xx_HAL_Driver/Src/stm32f1xx_hal_cortex.o
 .debug_macro   0x0001a395      0x1a2 ./Drivers/STM32F1xx_HAL_Driver/Src/stm32f1xx_hal_dma.o
 .debug_macro   0x0001a537      0x20d ./Drivers/STM32F1xx_HAL_Driver/Src/stm32f1xx_hal_gpio.o
 .debug_macro   0x0001a744      0x1b4 ./Drivers/STM32F1xx_HAL_Driver/Src/stm32f1xx_hal_rcc.o
 .debug_macro   0x0001a8f8      0x1a2 ./Drivers/STM32F1xx_HAL_Driver/Src/stm32f1xx_hal_rcc_ex.o
 .debug_macro   0x0001aa9a      0x1a3 ./Drivers/STM32F1xx_HAL_Driver/Src/stm32f1xx_hal_uart.o

.debug_line     0x00000000     0xe8b9
 .debug_line    0x00000000      0x97b ./Core/Src/adc.o
 .debug_line    0x0000097b      0x7b7 ./Core/Src/dma.o
 .debug_line    0x00001132      0x7b8 ./Core/Src/gpio.o
 .debug_line    0x000018ea      0x9d7 ./Core/Src/main.o
 .debug_line    0x000022c1      0x7bc ./Core/Src/stm32f1xx_hal_msp.o
 .debug_line    0x00002a7d      0x897 ./Core/Src/stm32f1xx_it.o
 .debug_line    0x00003314      0xb23 ./Core/Src/syscalls.o
 .debug_line    0x00003e37      0x744 ./Core/Src/sysmem.o
 .debug_line    0x0000457b      0x83a ./Core/Src/system_stm32f1xx.o
 .debug_line    0x00004db5      0x87f ./Core/Src/usart.o
 .debug_line    0x00005634       0x79 ./Core/Startup/startup_stm32f103zctx.o
 .debug_line    0x000056ad      0xa6b ./Drivers/STM32F1xx_HAL_Driver/Src/stm32f1xx_hal.o
 .debug_line    0x00006118     0x10a6 ./Drivers/STM32F1xx_HAL_Driver/Src/stm32f1xx_hal_adc.o
 .debug_line    0x000071be      0xdcd ./Drivers/STM32F1xx_HAL_Driver/Src/stm32f1xx_hal_adc_ex.o
 .debug_line    0x00007f8b      0xc35 ./Drivers/STM32F1xx_HAL_Driver/Src/stm32f1xx_hal_cortex.o
 .debug_line    0x00008bc0     0x136f ./Drivers/STM32F1xx_HAL_Driver/Src/stm32f1xx_hal_dma.o
 .debug_line    0x00009f2f      0xaf0 ./Drivers/STM32F1xx_HAL_Driver/Src/stm32f1xx_hal_gpio.o
 .debug_line    0x0000aa1f      0xf24 ./Drivers/STM32F1xx_HAL_Driver/Src/stm32f1xx_hal_rcc.o
 .debug_line    0x0000b943      0x9ef ./Drivers/STM32F1xx_HAL_Driver/Src/stm32f1xx_hal_rcc_ex.o
 .debug_line    0x0000c332     0x2587 ./Drivers/STM32F1xx_HAL_Driver/Src/stm32f1xx_hal_uart.o

.debug_str      0x00000000    0x97f53
 .debug_str     0x00000000    0x97f53 ./Core/Src/adc.o
                              0x9061a (size before relaxing)
 .debug_str     0x00097f53    0x90439 ./Core/Src/dma.o
 .debug_str     0x00097f53    0x90051 ./Core/Src/gpio.o
 .debug_str     0x00097f53    0x907c8 ./Core/Src/main.o
 .debug_str     0x00097f53    0x9007f ./Core/Src/stm32f1xx_hal_msp.o
 .debug_str     0x00097f53    0x9034c ./Core/Src/stm32f1xx_it.o
 .debug_str     0x00097f53     0x996a ./Core/Src/syscalls.o
 .debug_str     0x00097f53     0x7708 ./Core/Src/sysmem.o
 .debug_str     0x00097f53    0x900aa ./Core/Src/system_stm32f1xx.o
 .debug_str     0x00097f53    0x9056a ./Core/Src/usart.o
 .debug_str     0x00097f53       0x62 ./Core/Startup/startup_stm32f103zctx.o
 .debug_str     0x00097f53    0x908c1 ./Drivers/STM32F1xx_HAL_Driver/Src/stm32f1xx_hal.o
 .debug_str     0x00097f53    0x9078e ./Drivers/STM32F1xx_HAL_Driver/Src/stm32f1xx_hal_adc.o
 .debug_str     0x00097f53    0x9075e ./Drivers/STM32F1xx_HAL_Driver/Src/stm32f1xx_hal_adc_ex.o
 .debug_str     0x00097f53    0x9080d ./Drivers/STM32F1xx_HAL_Driver/Src/stm32f1xx_hal_cortex.o
 .debug_str     0x00097f53    0x90453 ./Drivers/STM32F1xx_HAL_Driver/Src/stm32f1xx_hal_dma.o
 .debug_str     0x00097f53    0x90430 ./Drivers/STM32F1xx_HAL_Driver/Src/stm32f1xx_hal_gpio.o
 .debug_str     0x00097f53    0x904d9 ./Drivers/STM32F1xx_HAL_Driver/Src/stm32f1xx_hal_rcc.o
 .debug_str     0x00097f53    0x90267 ./Drivers/STM32F1xx_HAL_Driver/Src/stm32f1xx_hal_rcc_ex.o
 .debug_str     0x00097f53    0x90b4a ./Drivers/STM32F1xx_HAL_Driver/Src/stm32f1xx_hal_uart.o

.comment        0x00000000       0x43
 .comment       0x00000000       0x43 ./Core/Src/adc.o
                                 0x44 (size before relaxing)
 .comment       0x00000043       0x44 ./Core/Src/dma.o
 .comment       0x00000043       0x44 ./Core/Src/gpio.o
 .comment       0x00000043       0x44 ./Core/Src/main.o
 .comment       0x00000043       0x44 ./Core/Src/stm32f1xx_hal_msp.o
 .comment       0x00000043       0x44 ./Core/Src/stm32f1xx_it.o
 .comment       0x00000043       0x44 ./Core/Src/syscalls.o
 .comment       0x00000043       0x44 ./Core/Src/sysmem.o
 .comment       0x00000043       0x44 ./Core/Src/system_stm32f1xx.o
 .comment       0x00000043       0x44 ./Core/Src/usart.o
 .comment       0x00000043       0x44 ./Drivers/STM32F1xx_HAL_Driver/Src/stm32f1xx_hal.o
 .comment       0x00000043       0x44 ./Drivers/STM32F1xx_HAL_Driver/Src/stm32f1xx_hal_adc.o
 .comment       0x00000043       0x44 ./Drivers/STM32F1xx_HAL_Driver/Src/stm32f1xx_hal_adc_ex.o
 .comment       0x00000043       0x44 ./Drivers/STM32F1xx_HAL_Driver/Src/stm32f1xx_hal_cortex.o
 .comment       0x00000043       0x44 ./Drivers/STM32F1xx_HAL_Driver/Src/stm32f1xx_hal_dma.o
 .comment       0x00000043       0x44 ./Drivers/STM32F1xx_HAL_Driver/Src/stm32f1xx_hal_gpio.o
 .comment       0x00000043       0x44 ./Drivers/STM32F1xx_HAL_Driver/Src/stm32f1xx_hal_rcc.o
 .comment       0x00000043       0x44 ./Drivers/STM32F1xx_HAL_Driver/Src/stm32f1xx_hal_rcc_ex.o
 .comment       0x00000043       0x44 ./Drivers/STM32F1xx_HAL_Driver/Src/stm32f1xx_hal_uart.o

.debug_frame    0x00000000     0x2d74
 .debug_frame   0x00000000      0x110 ./Core/Src/adc.o
 .debug_frame   0x00000110       0x34 ./Core/Src/dma.o
 .debug_frame   0x00000144       0x38 ./Core/Src/gpio.o
 .debug_frame   0x0000017c       0x6c ./Core/Src/main.o
 .debug_frame   0x000001e8       0x38 ./Core/Src/stm32f1xx_hal_msp.o
 .debug_frame   0x00000220      0x120 ./Core/Src/stm32f1xx_it.o
 .debug_frame   0x00000340      0x2ac ./Core/Src/syscalls.o
 .debug_frame   0x000005ec       0x34 ./Core/Src/sysmem.o
 .debug_frame   0x00000620       0x58 ./Core/Src/system_stm32f1xx.o
 .debug_frame   0x00000678       0xbc ./Core/Src/usart.o
 .debug_frame   0x00000734      0x334 ./Drivers/STM32F1xx_HAL_Driver/Src/stm32f1xx_hal.o
 .debug_frame   0x00000a68      0x40c ./Drivers/STM32F1xx_HAL_Driver/Src/stm32f1xx_hal_adc.o
 .debug_frame   0x00000e74      0x200 ./Drivers/STM32F1xx_HAL_Driver/Src/stm32f1xx_hal_adc_ex.o
 .debug_frame   0x00001074      0x428 ./Drivers/STM32F1xx_HAL_Driver/Src/stm32f1xx_hal_cortex.o
 .debug_frame   0x0000149c      0x20c ./Drivers/STM32F1xx_HAL_Driver/Src/stm32f1xx_hal_dma.o
 .debug_frame   0x000016a8      0x14c ./Drivers/STM32F1xx_HAL_Driver/Src/stm32f1xx_hal_gpio.o
 .debug_frame   0x000017f4      0x218 ./Drivers/STM32F1xx_HAL_Driver/Src/stm32f1xx_hal_rcc.o
 .debug_frame   0x00001a0c       0x80 ./Drivers/STM32F1xx_HAL_Driver/Src/stm32f1xx_hal_rcc_ex.o
 .debug_frame   0x00001a8c      0x944 ./Drivers/STM32F1xx_HAL_Driver/Src/stm32f1xx_hal_uart.o
 .debug_frame   0x000023d0      0x144 G:/STM32CubeIDE1.19/STM32CubeIDE_1.19.0/STM32CubeIDE/plugins/com.st.stm32cube.ide.mcu.externaltools.gnu-tools-for-stm32.13.3.rel1.win32_1.0.0.202411081344/tools/bin/../lib/gcc/arm-none-eabi/13.3.1/../../../../arm-none-eabi/lib/thumb/v7-m/nofp\libc_nano.a(libc_a-findfp.o)
 .debug_frame   0x00002514       0x34 G:/STM32CubeIDE1.19/STM32CubeIDE_1.19.0/STM32CubeIDE/plugins/com.st.stm32cube.ide.mcu.externaltools.gnu-tools-for-stm32.13.3.rel1.win32_1.0.0.202411081344/tools/bin/../lib/gcc/arm-none-eabi/13.3.1/../../../../arm-none-eabi/lib/thumb/v7-m/nofp\libc_nano.a(libc_a-fwalk.o)
 .debug_frame   0x00002548       0x6c G:/STM32CubeIDE1.19/STM32CubeIDE_1.19.0/STM32CubeIDE/plugins/com.st.stm32cube.ide.mcu.externaltools.gnu-tools-for-stm32.13.3.rel1.win32_1.0.0.202411081344/tools/bin/../lib/gcc/arm-none-eabi/13.3.1/../../../../arm-none-eabi/lib/thumb/v7-m/nofp\libc_nano.a(libc_a-printf.o)
 .debug_frame   0x000025b4       0x88 G:/STM32CubeIDE1.19/STM32CubeIDE_1.19.0/STM32CubeIDE/plugins/com.st.stm32cube.ide.mcu.externaltools.gnu-tools-for-stm32.13.3.rel1.win32_1.0.0.202411081344/tools/bin/../lib/gcc/arm-none-eabi/13.3.1/../../../../arm-none-eabi/lib/thumb/v7-m/nofp\libc_nano.a(libc_a-stdio.o)
 .debug_frame   0x0000263c       0x20 G:/STM32CubeIDE1.19/STM32CubeIDE_1.19.0/STM32CubeIDE/plugins/com.st.stm32cube.ide.mcu.externaltools.gnu-tools-for-stm32.13.3.rel1.win32_1.0.0.202411081344/tools/bin/../lib/gcc/arm-none-eabi/13.3.1/../../../../arm-none-eabi/lib/thumb/v7-m/nofp\libc_nano.a(libc_a-memset.o)
 .debug_frame   0x0000265c       0x2c G:/STM32CubeIDE1.19/STM32CubeIDE_1.19.0/STM32CubeIDE/plugins/com.st.stm32cube.ide.mcu.externaltools.gnu-tools-for-stm32.13.3.rel1.win32_1.0.0.202411081344/tools/bin/../lib/gcc/arm-none-eabi/13.3.1/../../../../arm-none-eabi/lib/thumb/v7-m/nofp\libc_nano.a(libc_a-closer.o)
 .debug_frame   0x00002688       0x38 G:/STM32CubeIDE1.19/STM32CubeIDE_1.19.0/STM32CubeIDE/plugins/com.st.stm32cube.ide.mcu.externaltools.gnu-tools-for-stm32.13.3.rel1.win32_1.0.0.202411081344/tools/bin/../lib/gcc/arm-none-eabi/13.3.1/../../../../arm-none-eabi/lib/thumb/v7-m/nofp\libc_nano.a(libc_a-reent.o)
 .debug_frame   0x000026c0       0x2c G:/STM32CubeIDE1.19/STM32CubeIDE_1.19.0/STM32CubeIDE/plugins/com.st.stm32cube.ide.mcu.externaltools.gnu-tools-for-stm32.13.3.rel1.win32_1.0.0.202411081344/tools/bin/../lib/gcc/arm-none-eabi/13.3.1/../../../../arm-none-eabi/lib/thumb/v7-m/nofp\libc_nano.a(libc_a-lseekr.o)
 .debug_frame   0x000026ec       0x2c G:/STM32CubeIDE1.19/STM32CubeIDE_1.19.0/STM32CubeIDE/plugins/com.st.stm32cube.ide.mcu.externaltools.gnu-tools-for-stm32.13.3.rel1.win32_1.0.0.202411081344/tools/bin/../lib/gcc/arm-none-eabi/13.3.1/../../../../arm-none-eabi/lib/thumb/v7-m/nofp\libc_nano.a(libc_a-readr.o)
 .debug_frame   0x00002718       0x2c G:/STM32CubeIDE1.19/STM32CubeIDE_1.19.0/STM32CubeIDE/plugins/com.st.stm32cube.ide.mcu.externaltools.gnu-tools-for-stm32.13.3.rel1.win32_1.0.0.202411081344/tools/bin/../lib/gcc/arm-none-eabi/13.3.1/../../../../arm-none-eabi/lib/thumb/v7-m/nofp\libc_nano.a(libc_a-writer.o)
 .debug_frame   0x00002744       0x20 G:/STM32CubeIDE1.19/STM32CubeIDE_1.19.0/STM32CubeIDE/plugins/com.st.stm32cube.ide.mcu.externaltools.gnu-tools-for-stm32.13.3.rel1.win32_1.0.0.202411081344/tools/bin/../lib/gcc/arm-none-eabi/13.3.1/../../../../arm-none-eabi/lib/thumb/v7-m/nofp\libc_nano.a(libc_a-errno.o)
 .debug_frame   0x00002764       0x2c G:/STM32CubeIDE1.19/STM32CubeIDE_1.19.0/STM32CubeIDE/plugins/com.st.stm32cube.ide.mcu.externaltools.gnu-tools-for-stm32.13.3.rel1.win32_1.0.0.202411081344/tools/bin/../lib/gcc/arm-none-eabi/13.3.1/../../../../arm-none-eabi/lib/thumb/v7-m/nofp\libc_nano.a(libc_a-init.o)
 .debug_frame   0x00002790       0xb0 G:/STM32CubeIDE1.19/STM32CubeIDE_1.19.0/STM32CubeIDE/plugins/com.st.stm32cube.ide.mcu.externaltools.gnu-tools-for-stm32.13.3.rel1.win32_1.0.0.202411081344/tools/bin/../lib/gcc/arm-none-eabi/13.3.1/../../../../arm-none-eabi/lib/thumb/v7-m/nofp\libc_nano.a(libc_a-lock.o)
 .debug_frame   0x00002840       0x38 G:/STM32CubeIDE1.19/STM32CubeIDE_1.19.0/STM32CubeIDE/plugins/com.st.stm32cube.ide.mcu.externaltools.gnu-tools-for-stm32.13.3.rel1.win32_1.0.0.202411081344/tools/bin/../lib/gcc/arm-none-eabi/13.3.1/../../../../arm-none-eabi/lib/thumb/v7-m/nofp\libc_nano.a(libc_a-freer.o)
 .debug_frame   0x00002878       0x50 G:/STM32CubeIDE1.19/STM32CubeIDE_1.19.0/STM32CubeIDE/plugins/com.st.stm32cube.ide.mcu.externaltools.gnu-tools-for-stm32.13.3.rel1.win32_1.0.0.202411081344/tools/bin/../lib/gcc/arm-none-eabi/13.3.1/../../../../arm-none-eabi/lib/thumb/v7-m/nofp\libc_nano.a(libc_a-mallocr.o)
 .debug_frame   0x000028c8       0x30 G:/STM32CubeIDE1.19/STM32CubeIDE_1.19.0/STM32CubeIDE/plugins/com.st.stm32cube.ide.mcu.externaltools.gnu-tools-for-stm32.13.3.rel1.win32_1.0.0.202411081344/tools/bin/../lib/gcc/arm-none-eabi/13.3.1/../../../../arm-none-eabi/lib/thumb/v7-m/nofp\libc_nano.a(libc_a-mlock.o)
 .debug_frame   0x000028f8       0xa8 G:/STM32CubeIDE1.19/STM32CubeIDE_1.19.0/STM32CubeIDE/plugins/com.st.stm32cube.ide.mcu.externaltools.gnu-tools-for-stm32.13.3.rel1.win32_1.0.0.202411081344/tools/bin/../lib/gcc/arm-none-eabi/13.3.1/../../../../arm-none-eabi/lib/thumb/v7-m/nofp\libc_nano.a(libc_a-nano-vfprintf.o)